Archive member included because of file (symbol)

C:\Freescale\FSLESL\CM0_FSLESL_4.2_KDS\PCLIB\pclib.a(PCLIB_CtrlPID_F16.o)
                              ./Sources/main.o (PCLIB_CtrlPIDInit_F16_FC)
c:/freescale/kds_v3/toolchain/bin/../lib/gcc/arm-none-eabi/4.8.4/../../../../arm-none-eabi/lib/armv6-m\libm.a(lib_a-w_log.o)
                              ./Sources/main.o (log)
c:/freescale/kds_v3/toolchain/bin/../lib/gcc/arm-none-eabi/4.8.4/../../../../arm-none-eabi/lib/armv6-m\libm.a(lib_a-e_log.o)
                              c:/freescale/kds_v3/toolchain/bin/../lib/gcc/arm-none-eabi/4.8.4/../../../../arm-none-eabi/lib/armv6-m\libm.a(lib_a-w_log.o) (__ieee754_log)
c:/freescale/kds_v3/toolchain/bin/../lib/gcc/arm-none-eabi/4.8.4/../../../../arm-none-eabi/lib/armv6-m\libm.a(lib_a-s_fpclassify.o)
                              c:/freescale/kds_v3/toolchain/bin/../lib/gcc/arm-none-eabi/4.8.4/../../../../arm-none-eabi/lib/armv6-m\libm.a(lib_a-w_log.o) (__fpclassifyd)
c:/freescale/kds_v3/toolchain/bin/../lib/gcc/arm-none-eabi/4.8.4/../../../../arm-none-eabi/lib/armv6-m\libm.a(lib_a-s_lib_ver.o)
                              c:/freescale/kds_v3/toolchain/bin/../lib/gcc/arm-none-eabi/4.8.4/../../../../arm-none-eabi/lib/armv6-m\libm.a(lib_a-w_log.o) (__fdlib_version)
c:/freescale/kds_v3/toolchain/bin/../lib/gcc/arm-none-eabi/4.8.4/../../../../arm-none-eabi/lib/armv6-m\libm.a(lib_a-s_matherr.o)
                              c:/freescale/kds_v3/toolchain/bin/../lib/gcc/arm-none-eabi/4.8.4/../../../../arm-none-eabi/lib/armv6-m\libm.a(lib_a-w_log.o) (matherr)
c:/freescale/kds_v3/toolchain/bin/../lib/gcc/arm-none-eabi/4.8.4/../../../../arm-none-eabi/lib/armv6-m\libm.a(lib_a-s_nan.o)
                              c:/freescale/kds_v3/toolchain/bin/../lib/gcc/arm-none-eabi/4.8.4/../../../../arm-none-eabi/lib/armv6-m\libm.a(lib_a-w_log.o) (nan)
c:/freescale/kds_v3/toolchain/bin/../lib/gcc/arm-none-eabi/4.8.4/armv6-m\libgcc.a(_udivsi3.o)
                              ./Generated_Code/Term1.o (__aeabi_uidiv)
c:/freescale/kds_v3/toolchain/bin/../lib/gcc/arm-none-eabi/4.8.4/armv6-m\libgcc.a(_divsi3.o)
                              ./Generated_Code/UTIL1.o (__aeabi_idiv)
c:/freescale/kds_v3/toolchain/bin/../lib/gcc/arm-none-eabi/4.8.4/armv6-m\libgcc.a(_dvmd_tls.o)
                              c:/freescale/kds_v3/toolchain/bin/../lib/gcc/arm-none-eabi/4.8.4/armv6-m\libgcc.a(_udivsi3.o) (__aeabi_idiv0)
c:/freescale/kds_v3/toolchain/bin/../lib/gcc/arm-none-eabi/4.8.4/armv6-m\libgcc.a(_arm_cmpdf2.o)
                              c:/freescale/kds_v3/toolchain/bin/../lib/gcc/arm-none-eabi/4.8.4/../../../../arm-none-eabi/lib/armv6-m\libm.a(lib_a-w_log.o) (__aeabi_dcmpeq)
c:/freescale/kds_v3/toolchain/bin/../lib/gcc/arm-none-eabi/4.8.4/armv6-m\libgcc.a(_arm_cmpsf2.o)
                              ./Sources/main.o (__aeabi_fcmplt)
c:/freescale/kds_v3/toolchain/bin/../lib/gcc/arm-none-eabi/4.8.4/armv6-m\libgcc.a(_fixunssfsi.o)
                              ./Sources/Events.o (__aeabi_f2uiz)
c:/freescale/kds_v3/toolchain/bin/../lib/gcc/arm-none-eabi/4.8.4/armv6-m\libgcc.a(addsf3.o)
                              ./Sources/main.o (__aeabi_fadd)
c:/freescale/kds_v3/toolchain/bin/../lib/gcc/arm-none-eabi/4.8.4/armv6-m\libgcc.a(divsf3.o)
                              ./Sources/main.o (__aeabi_fdiv)
c:/freescale/kds_v3/toolchain/bin/../lib/gcc/arm-none-eabi/4.8.4/armv6-m\libgcc.a(eqsf2.o)
                              c:/freescale/kds_v3/toolchain/bin/../lib/gcc/arm-none-eabi/4.8.4/armv6-m\libgcc.a(_arm_cmpsf2.o) (__eqsf2)
c:/freescale/kds_v3/toolchain/bin/../lib/gcc/arm-none-eabi/4.8.4/armv6-m\libgcc.a(gesf2.o)
                              c:/freescale/kds_v3/toolchain/bin/../lib/gcc/arm-none-eabi/4.8.4/armv6-m\libgcc.a(_arm_cmpsf2.o) (__gesf2)
c:/freescale/kds_v3/toolchain/bin/../lib/gcc/arm-none-eabi/4.8.4/armv6-m\libgcc.a(lesf2.o)
                              c:/freescale/kds_v3/toolchain/bin/../lib/gcc/arm-none-eabi/4.8.4/armv6-m\libgcc.a(_arm_cmpsf2.o) (__lesf2)
c:/freescale/kds_v3/toolchain/bin/../lib/gcc/arm-none-eabi/4.8.4/armv6-m\libgcc.a(mulsf3.o)
                              ./Sources/main.o (__aeabi_fmul)
c:/freescale/kds_v3/toolchain/bin/../lib/gcc/arm-none-eabi/4.8.4/armv6-m\libgcc.a(subsf3.o)
                              ./Sources/main.o (__aeabi_fsub)
c:/freescale/kds_v3/toolchain/bin/../lib/gcc/arm-none-eabi/4.8.4/armv6-m\libgcc.a(fixsfsi.o)
                              ./Sources/main.o (__aeabi_f2iz)
c:/freescale/kds_v3/toolchain/bin/../lib/gcc/arm-none-eabi/4.8.4/armv6-m\libgcc.a(floatsisf.o)
                              ./Sources/main.o (__aeabi_i2f)
c:/freescale/kds_v3/toolchain/bin/../lib/gcc/arm-none-eabi/4.8.4/armv6-m\libgcc.a(floatunsisf.o)
                              ./Generated_Code/Clock.o (__aeabi_ui2f)
c:/freescale/kds_v3/toolchain/bin/../lib/gcc/arm-none-eabi/4.8.4/armv6-m\libgcc.a(adddf3.o)
                              ./Sources/main.o (__aeabi_dadd)
[...]
Memory Configuration

Name             Origin             Length             Attributes
m_interrupts     0x00000000         0x000000c0         xr
m_text           0x00000410         0x0001fbf0         xr
m_data           0x1ffff000         0x00004000         rw
m_cfmprotrom     0x00000400         0x00000010         xr
*default*        0x00000000         0xffffffff

Linker script and memory map

LOAD c:/freescale/kds_v3/toolchain/bin/../lib/gcc/arm-none-eabi/4.8.4/armv6-m/crti.o
LOAD c:/freescale/kds_v3/toolchain/bin/../lib/gcc/arm-none-eabi/4.8.4/armv6-m/crtbegin.o
LOAD c:/freescale/kds_v3/toolchain/bin/../lib/gcc/arm-none-eabi/4.8.4/../../../../arm-none-eabi/lib/armv6-m/crt0.o
LOAD ./Static_Code/System/CPU_Init.o
LOAD ./Static_Code/System/Peripherals_Init.o
LOAD ./Static_Code/System/Vectors.o
LOAD ./Static_Code/Peripherals/PIT_Init.o
LOAD ./Sources/Events.o
LOAD ./Sources/main.o
LOAD ./Project_Settings/Startup_Code/startup.o
LOAD ./Generated_Code/AD1.o
LOAD ./Generated_Code/ASerialLdd1.o
LOAD ./Generated_Code/BitIoLdd3.o
LOAD ./Generated_Code/BitIoLdd4.o
LOAD ./Generated_Code/BitIoLdd5.o
LOAD ./Generated_Code/BitIoLdd6.o
LOAD ./Generated_Code/BitIoLdd7.o
LOAD ./Generated_Code/COLDPWM.o
LOAD ./Generated_Code/Clock.o
LOAD ./Generated_Code/Cpu.o
LOAD ./Generated_Code/Enable2.o
LOAD ./Generated_Code/HOTPWM.o
LOAD ./Generated_Code/Inhr1.o
LOAD ./Generated_Code/LEDBLUE.o
LOAD ./Generated_Code/LEDGREEN.o
LOAD ./Generated_Code/LEDRED.o
LOAD ./Generated_Code/LidPWM.o
LOAD ./Generated_Code/MCUC1.o
LOAD ./Generated_Code/PE_LDD.o
LOAD ./Generated_Code/Pins1.o
LOAD ./Generated_Code/PwmLdd1.o
LOAD ./Generated_Code/PwmLdd2.o
LOAD ./Generated_Code/PwmLdd3.o
LOAD ./Generated_Code/TU1.o
LOAD ./Generated_Code/TU2.o
LOAD ./Generated_Code/Term1.o
LOAD ./Generated_Code/UTIL1.o
LOAD ./Generated_Code/Ventilador.o
LOAD C:\Freescale\FSLESL\CM0_FSLESL_4.2_KDS\MLIB\mlib.a
LOAD C:\Freescale\FSLESL\CM0_FSLESL_4.2_KDS\PCLIB\pclib.a
LOAD c:/freescale/kds_v3/toolchain/bin/../lib/gcc/arm-none-eabi/4.8.4/../../../../arm-none-eabi/lib/armv6-m\libstdc++_s.a
LOAD c:/freescale/kds_v3/toolchain/bin/../lib/gcc/arm-none-eabi/4.8.4/../../../../arm-none-eabi/lib/armv6-m\libm.a
START GROUP
LOAD c:/freescale/kds_v3/toolchain/bin/../lib/gcc/arm-none-eabi/4.8.4/armv6-m\libgcc.a
LOAD c:/freescale/kds_v3/toolchain/bin/../lib/gcc/arm-none-eabi/4.8.4/../../../../arm-none-eabi/lib/armv6-m\libg_s.a
LOAD c:/freescale/kds_v3/toolchain/bin/../lib/gcc/arm-none-eabi/4.8.4/../../../../arm-none-eabi/lib/armv6-m\libc_s.a
END GROUP
START GROUP
LOAD c:/freescale/kds_v3/toolchain/bin/../lib/gcc/arm-none-eabi/4.8.4/armv6-m\libgcc.a
LOAD c:/freescale/kds_v3/toolchain/bin/../lib/gcc/arm-none-eabi/4.8.4/../../../../arm-none-eabi/lib/armv6-m\libc_s.a
LOAD c:/freescale/kds_v3/toolchain/bin/../lib/gcc/arm-none-eabi/4.8.4/../../../../arm-none-eabi/lib/armv6-m\libnosys.a
END GROUP
START GROUP
LOAD c:/freescale/kds_v3/toolchain/bin/../lib/gcc/arm-none-eabi/4.8.4/armv6-m\libgcc.a
LOAD c:/freescale/kds_v3/toolchain/bin/../lib/gcc/arm-none-eabi/4.8.4/../../../../arm-none-eabi/lib/armv6-m\libc_s.a
LOAD c:/freescale/kds_v3/toolchain/bin/../lib/gcc/arm-none-eabi/4.8.4/../../../../arm-none-eabi/lib/armv6-m\libnosys.a
END GROUP
LOAD c:/freescale/kds_v3/toolchain/bin/../lib/gcc/arm-none-eabi/4.8.4/armv6-m/crtend.o
LOAD c:/freescale/kds_v3/toolchain/bin/../lib/gcc/arm-none-eabi/4.8.4/armv6-m/crtn.o
                0x20003000                _estack = 0x20003000
                0x20003000                __SP_INIT = _estack
                0x20003000                __stack = _estack
                0x00000c00                __heap_size = 0xc00
                0x00000c00                __stack_size = 0xc00

.interrupts     0x00000000       0xc0
                0x00000000                __vector_table = .
                0x00000000                . = ALIGN (0x4)
 *(.vectortable)
 .vectortable   0x00000000       0xc0 ./Static_Code/System/Vectors.o
                0x00000000                __vect_table
                0x000000c0                . = ALIGN (0x4)

.cfmprotect     0x00000400       0x10
                0x00000400                . = ALIGN (0x4)
 *(.cfmconfig)
 .cfmconfig     0x00000400       0x10 ./Static_Code/System/CPU_Init.o
                0x00000400                _cfm
                0x00000410                . = ALIGN (0x4)

.text           0x00000410     0xac84
                0x00000410                . = ALIGN (0x4)
 *(.text)
 .text          0x00000410       0x60 c:/freescale/kds_v3/toolchain/bin/../lib/gcc/arm-none-eabi/4.8.4/armv6-m/crtbegin.o
 .text          0x00000470       0x78 c:/freescale/kds_v3/toolchain/bin/../lib/gcc/arm-none-eabi/4.8.4/../../../../arm-none-eabi/lib/armv6-m/crt0.o
                0x00000470                _start
                0x00000470                _mainCRTStartup
 .text          0x000004e8       0x9c c:/freescale/kds_v3/toolchain/bin/../lib/gcc/arm-none-eabi/4.8.4/armv6-m\libgcc.a(_udivsi3.o)
                0x000004e8                __aeabi_uidiv
                0x000004e8                __udivsi3
                0x00000570                __aeabi_uidivmod
 .text          0x00000584       0xc0 c:/freescale/kds_v3/toolchain/bin/../lib/gcc/arm-none-eabi/4.8.4/armv6-m\libgcc.a(_divsi3.o)
                0x00000584                __divsi3
                0x00000584                __aeabi_idiv
                0x00000630                __aeabi_idivmod
 .text          0x00000644        0x4 c:/freescale/kds_v3/toolchain/bin/../lib/gcc/arm-none-eabi/4.8.4/armv6-m\libgcc.a(_dvmd_tls.o)
                0x00000644                __aeabi_idiv0
                0x00000644                __aeabi_ldiv0
 .text          0x00000648       0x7c c:/freescale/kds_v3/toolchain/bin/../lib/gcc/arm-none-eabi/4.8.4/armv6-m\libgcc.a(_arm_cmpdf2.o)
                0x00000648                __aeabi_cdrcmple
                0x00000658                __aeabi_cdcmple
                0x00000658                __aeabi_cdcmpeq
                0x00000668                __aeabi_dcmpeq
                0x00000674                __aeabi_dcmplt
                0x00000688                __aeabi_dcmple
                0x0000069c                __aeabi_dcmpgt
                0x000006b0                __aeabi_dcmpge
 .text          0x000006c4       0x74 c:/freescale/kds_v3/toolchain/bin/../lib/gcc/arm-none-eabi/4.8.4/armv6-m\libgcc.a(_arm_cmpsf2.o)
                0x000006c4                __aeabi_cfrcmple
                0x000006cc                __aeabi_cfcmpeq
                0x000006cc                __aeabi_cfcmple
                0x000006dc                __aeabi_fcmpeq
                0x000006e8                __aeabi_fcmplt
                0x000006fc                __aeabi_fcmple
                0x00000710                __aeabi_fcmpgt
                0x00000724                __aeabi_fcmpge
 .text          0x00000738       0x30 c:/freescale/kds_v3/toolchain/bin/../lib/gcc/arm-none-eabi/4.8.4/armv6-m\libgcc.a(_fixunssfsi.o)
                0x00000738                __fixunssfsi
                0x00000738                __aeabi_f2uiz
 .text          0x00000768      0x2d8 c:/freescale/kds_v3/toolchain/bin/../lib/gcc/arm-none-eabi/4.8.4/armv6-m\libgcc.a(addsf3.o)
                0x00000768                __aeabi_fadd
 .text          0x00000a40      0x24c c:/freescale/kds_v3/toolchain/bin/../lib/gcc/arm-none-eabi/4.8.4/armv6-m\libgcc.a(divsf3.o)
                0x00000a40                __aeabi_fdiv
 .text          0x00000c8c       0x54 c:/freescale/kds_v3/toolchain/bin/../lib/gcc/arm-none-eabi/4.8.4/armv6-m\libgcc.a(eqsf2.o)
                0x00000c8c                __eqsf2
                0x00000c8c                __nesf2
 .text          0x00000ce0       0x90 c:/freescale/kds_v3/toolchain/bin/../lib/gcc/arm-none-eabi/4.8.4/armv6-m\libgcc.a(gesf2.o)
                0x00000ce0                __gesf2
                0x00000ce0                __gtsf2
 .text          0x00000d70       0x98 c:/freescale/kds_v3/toolchain/bin/../lib/gcc/arm-none-eabi/4.8.4/armv6-m\libgcc.a(lesf2.o)
                0x00000d70                __ltsf2
                0x00000d70                __lesf2
 .text          0x00000e08      0x254 c:/freescale/kds_v3/toolchain/bin/../lib/gcc/arm-none-eabi/4.8.4/armv6-m\libgcc.a(mulsf3.o)
                0x00000e08                __aeabi_fmul
 .text          0x0000105c      0x2ec c:/freescale/kds_v3/toolchain/bin/../lib/gcc/arm-none-eabi/4.8.4/armv6-m\libgcc.a(subsf3.o)
                0x0000105c                __aeabi_fsub
 .text          0x00001348       0x40 c:/freescale/kds_v3/toolchain/bin/../lib/gcc/arm-none-eabi/4.8.4/armv6-m\libgcc.a(fixsfsi.o)
                0x00001348                __aeabi_f2iz
 .text          0x00001388       0xb8 c:/freescale/kds_v3/toolchain/bin/../lib/gcc/arm-none-eabi/4.8.4/armv6-m\libgcc.a(floatsisf.o)
                0x00001388                __aeabi_i2f
 .text          0x00001440       0xa0 c:/freescale/kds_v3/toolchain/bin/../lib/gcc/arm-none-eabi/4.8.4/armv6-m\libgcc.a(floatunsisf.o)
                0x00001440                __aeabi_ui2f
 .text          0x000014e0      0x644 c:/freescale/kds_v3/toolchain/bin/../lib/gcc/arm-none-eabi/4.8.4/armv6-m\libgcc.a(adddf3.o)
                0x000014e0                __aeabi_dadd
 .text          0x00001b24      0x648 c:/freescale/kds_v3/toolchain/bin/../lib/gcc/arm-none-eabi/4.8.4/armv6-m\libgcc.a(divdf3.o)
                0x00001b24                __aeabi_ddiv
 .text          0x0000216c       0x94 c:/freescale/kds_v3/toolchain/bin/../lib/gcc/arm-none-eabi/4.8.4/armv6-m\libgcc.a(eqdf2.o)
                0x0000216c                __nedf2
                0x0000216c                __eqdf2
 .text          0x00002200       0xfc c:/freescale/kds_v3/toolchain/bin/../lib/gcc/arm-none-eabi/4.8.4/armv6-m\libgcc.a(gedf2.o)
                0x00002200                __gedf2
                0x00002200                __gtdf2
 .text          0x000022fc       0xfc c:/freescale/kds_v3/toolchain/bin/../lib/gcc/arm-none-eabi/4.8.4/armv6-m\libgcc.a(ledf2.o)
                0x000022fc                __ledf2
                0x000022fc                __ltdf2
 .text          0x000023f8      0x520 c:/freescale/kds_v3/toolchain/bin/../lib/gcc/arm-none-eabi/4.8.4/armv6-m\libgcc.a(muldf3.o)
                0x000023f8                __aeabi_dmul
 .text          0x00002918      0x668 c:/freescale/kds_v3/toolchain/bin/../lib/gcc/arm-none-eabi/4.8.4/armv6-m\libgcc.a(subdf3.o)
                0x00002918                __aeabi_dsub
 .text          0x00002f80       0x7c c:/freescale/kds_v3/toolchain/bin/../lib/gcc/arm-none-eabi/4.8.4/armv6-m\libgcc.a(floatsidf.o)
                0x00002f80                __aeabi_i2d
 .text          0x00002ffc       0xa4 c:/freescale/kds_v3/toolchain/bin/../lib/gcc/arm-none-eabi/4.8.4/armv6-m\libgcc.a(extendsfdf2.o)
                0x00002ffc                __aeabi_f2d
 .text          0x000030a0      0x118 c:/freescale/kds_v3/toolchain/bin/../lib/gcc/arm-none-eabi/4.8.4/armv6-m\libgcc.a(truncdfsf2.o)
                0x000030a0                __aeabi_d2f
 .text          0x000031b8       0x3c c:/freescale/kds_v3/toolchain/bin/../lib/gcc/arm-none-eabi/4.8.4/armv6-m\libgcc.a(_clzsi2.o)
                0x000031b8                __clzsi2
 .text          0x000031f4       0x14 c:/freescale/kds_v3/toolchain/bin/../lib/gcc/arm-none-eabi/4.8.4/armv6-m\libgcc.a(_thumb1_case_uqi.o)
                0x000031f4                __gnu_thumb1_case_uqi
 .text          0x00003208       0x40 c:/freescale/kds_v3/toolchain/bin/../lib/gcc/arm-none-eabi/4.8.4/armv6-m\libgcc.a(_fixunsdfsi.o)
                0x00003208                __aeabi_d2uiz
                0x00003208                __fixunsdfsi
 .text          0x00003248       0x68 c:/freescale/kds_v3/toolchain/bin/../lib/gcc/arm-none-eabi/4.8.4/armv6-m\libgcc.a(fixdfsi.o)
                0x00003248                __aeabi_d2iz
 .text          0x000032b0       0x68 c:/freescale/kds_v3/toolchain/bin/../lib/gcc/arm-none-eabi/4.8.4/armv6-m\libgcc.a(floatunsidf.o)
                0x000032b0                __aeabi_ui2d
 *(.text*)
 .text.__init_hardware
                0x00003318       0x4c ./Static_Code/System/CPU_Init.o
                0x00003318                __init_hardware
 .text.PE_low_level_init
                0x00003364       0x58 ./Static_Code/System/CPU_Init.o
                0x00003364                PE_low_level_init
 .text.CPU_GetClockGenMode
                0x000033bc       0x6c ./Static_Code/System/CPU_Init.o
                0x000033bc                CPU_GetClockGenMode
 .text.CPU_SetClockConfigGenMode
                0x00003428      0x280 ./Static_Code/System/CPU_Init.o
                0x00003428                CPU_SetClockConfigGenMode
 .text.CPU_SystemReset
                0x000036a8       0x28 ./Static_Code/System/CPU_Init.o
                0x000036a8                CPU_SystemReset
 .text.Peripherals_Init
                0x000036d0        0xc ./Static_Code/System/Peripherals_Init.o
                0x000036d0                Peripherals_Init
 .text.UnhandledInterrupt
                0x000036dc        0xc ./Static_Code/System/Vectors.o
                0x000036dc                UnhandledInterrupt
 .text.PIT_Init
                0x000036e8       0x70 ./Static_Code/Peripherals/PIT_Init.o
                0x000036e8                PIT_Init
 .text.Cpu_OnNMI
                0x00003758        0x8 ./Sources/Events.o
                0x00003758                Cpu_OnNMI
 .text.AD1_OnMeasurementComplete
                0x00003760       0x24 ./Sources/Events.o
                0x00003760                AD1_OnMeasurementComplete
 .text.HOTPWM_OnEnd
                0x00003784       0x2c ./Sources/Events.o
                0x00003784                HOTPWM_OnEnd
 .text.COLDPWM_OnEnd
                0x000037b0       0x2c ./Sources/Events.o
                0x000037b0                COLDPWM_OnEnd
 .text.LidPWM_OnEnd
                0x000037dc       0x2c ./Sources/Events.o
                0x000037dc                LidPWM_OnEnd
 .text.Cpu_OnReset
                0x00003808       0x14 ./Sources/Events.o
                0x00003808                Cpu_OnReset
 .text.Inhr1_OnRxChar
                0x0000381c       0x34 ./Sources/Events.o
                0x0000381c                Inhr1_OnRxChar
 .text.pid      0x00003850       0xf4 ./Sources/main.o
                0x00003850                pid
 .text.printToConsole
                0x00003944       0xc0 ./Sources/main.o
                0x00003944                printToConsole
 *fill*         0x00003a04        0x4 
 .text.ObtainTemp
                0x00003a08      0x218 ./Sources/main.o
                0x00003a08                ObtainTemp
 .text.EstableceTemperaturaCiclo
                0x00003c20       0x14 ./Sources/main.o
                0x00003c20                EstableceTemperaturaCiclo
 *fill*         0x00003c34        0x4 
 .text.PIDControl
                0x00003c38      0x128 ./Sources/main.o
                0x00003c38                PIDControl
 .text.ChecarLid
                0x00003d60       0x20 ./Sources/main.o
                0x00003d60                ChecarLid
 .text.HeatLid  0x00003d80       0xcc ./Sources/main.o
                0x00003d80                HeatLid
 *fill*         0x00003e4c        0x4 
 .text.DenaturationCycle
                0x00003e50      0x198 ./Sources/main.o
                0x00003e50                DenaturationCycle
 .text.EnfriaSistema
                0x00003fe8       0x80 ./Sources/main.o
                0x00003fe8                EnfriaSistema
 .text.FinalExtension
                0x00004068       0xa8 ./Sources/main.o
                0x00004068                FinalExtension
 .text.ApagarSistemaYEsperarParaActivarPeltier
                0x00004110       0x74 ./Sources/main.o
                0x00004110                ApagarSistemaYEsperarParaActivarPeltier
 .text.HeatBlock
                0x00004184       0x44 ./Sources/main.o
                0x00004184                HeatBlock
 .text.PreparaEstadoInicial
                0x000041c8       0x84 ./Sources/main.o
                0x000041c8                PreparaEstadoInicial
 *fill*         0x0000424c        0x4 
 .text.main     0x00004250      0xab0 ./Sources/main.o
                0x00004250                main
 .text.__copy_rom_section
                0x00004d00       0xd8 ./Project_Settings/Startup_Code/startup.o
                0x00004d00                __copy_rom_section
 .text.__copy_rom_sections_to_ram
                0x00004dd8       0x98 ./Project_Settings/Startup_Code/startup.o
                0x00004dd8                __copy_rom_sections_to_ram
 .text.__init_registers
                0x00004e70        0x8 ./Project_Settings/Startup_Code/startup.o
                0x00004e70                __init_registers
 .text.__init_user
                0x00004e78        0x8 ./Project_Settings/Startup_Code/startup.o
                0x00004e78                __init_user
 .text.__thumb_startup
                0x00004e80       0x30 ./Project_Settings/Startup_Code/startup.o
                0x00004e80                __thumb_startup
 .text.AD1_Init
                0x00004eb0       0xf8 ./Generated_Code/AD1.o
                0x00004eb0                AD1_Init
 .text.AD1_StartLoopTriggeredMeasurement
                0x00004fa8       0x98 ./Generated_Code/AD1.o
                0x00004fa8                AD1_StartLoopTriggeredMeasurement
 .text.AD1_SelectSampleGroup
                0x00005040       0x78 ./Generated_Code/AD1.o
                0x00005040                AD1_SelectSampleGroup
 .text.AD1_GetMeasuredValues
                0x000050b8       0x68 ./Generated_Code/AD1.o
                0x000050b8                AD1_GetMeasuredValues
 .text.AD1_MeasurementCompleteInterrupt
                0x00005120       0x48 ./Generated_Code/AD1.o
                0x00005120                AD1_MeasurementCompleteInterrupt
 .text.ASerialLdd1_Init
                0x00005168      0x14c ./Generated_Code/ASerialLdd1.o
                0x00005168                ASerialLdd1_Init
 .text.ASerialLdd1_Enable
                0x000052b4       0x70 ./Generated_Code/ASerialLdd1.o
                0x000052b4                ASerialLdd1_Enable
 .text.ASerialLdd1_Disable
                0x00005324       0x68 ./Generated_Code/ASerialLdd1.o
                0x00005324                ASerialLdd1_Disable
 .text.ASerialLdd1_ReceiveBlock
                0x0000538c       0xa4 ./Generated_Code/ASerialLdd1.o
                0x0000538c                ASerialLdd1_ReceiveBlock
 .text.ASerialLdd1_SendBlock
                0x00005430       0xd0 ./Generated_Code/ASerialLdd1.o
                0x00005430                ASerialLdd1_SendBlock
 .text.InterruptRx
                0x00005500       0x58 ./Generated_Code/ASerialLdd1.o
 .text.InterruptTx
                0x00005558       0x80 ./Generated_Code/ASerialLdd1.o
 .text.ASerialLdd1_Interrupt
                0x000055d8       0xe8 ./Generated_Code/ASerialLdd1.o
                0x000055d8                ASerialLdd1_Interrupt
 .text.ASerialLdd1_GetError
                0x000056c0       0x80 ./Generated_Code/ASerialLdd1.o
                0x000056c0                ASerialLdd1_GetError
 .text.BitIoLdd3_Init
                0x00005740       0x4c ./Generated_Code/BitIoLdd3.o
                0x00005740                BitIoLdd3_Init
 .text.BitIoLdd3_PutVal
                0x0000578c       0x34 ./Generated_Code/BitIoLdd3.o
                0x0000578c                BitIoLdd3_PutVal
 .text.BitIoLdd3_SetVal
                0x000057c0       0x1c ./Generated_Code/BitIoLdd3.o
                0x000057c0                BitIoLdd3_SetVal
 .text.BitIoLdd4_Init
                0x000057dc       0x4c ./Generated_Code/BitIoLdd4.o
                0x000057dc                BitIoLdd4_Init
 .text.BitIoLdd4_PutVal
                0x00005828       0x34 ./Generated_Code/BitIoLdd4.o
                0x00005828                BitIoLdd4_PutVal
 .text.BitIoLdd4_SetVal
                0x0000585c       0x1c ./Generated_Code/BitIoLdd4.o
                0x0000585c                BitIoLdd4_SetVal
 .text.BitIoLdd5_Init
                0x00005878       0x4c ./Generated_Code/BitIoLdd5.o
                0x00005878                BitIoLdd5_Init
 .text.BitIoLdd5_PutVal
                0x000058c4       0x34 ./Generated_Code/BitIoLdd5.o
                0x000058c4                BitIoLdd5_PutVal
 .text.BitIoLdd5_SetVal
                0x000058f8       0x1c ./Generated_Code/BitIoLdd5.o
                0x000058f8                BitIoLdd5_SetVal
 .text.BitIoLdd6_Init
                0x00005914       0x4c ./Generated_Code/BitIoLdd6.o
                0x00005914                BitIoLdd6_Init
 .text.BitIoLdd6_PutVal
                0x00005960       0x34 ./Generated_Code/BitIoLdd6.o
                0x00005960                BitIoLdd6_PutVal
 .text.BitIoLdd6_ClrVal
                0x00005994       0x1c ./Generated_Code/BitIoLdd6.o
                0x00005994                BitIoLdd6_ClrVal
 .text.BitIoLdd7_Init
                0x000059b0       0x4c ./Generated_Code/BitIoLdd7.o
                0x000059b0                BitIoLdd7_Init
 .text.BitIoLdd7_PutVal
                0x000059fc       0x34 ./Generated_Code/BitIoLdd7.o
                0x000059fc                BitIoLdd7_PutVal
 .text.BitIoLdd7_ClrVal
                0x00005a30       0x1c ./Generated_Code/BitIoLdd7.o
                0x00005a30                BitIoLdd7_ClrVal
 .text.PwmLdd2_OnEnd
                0x00005a4c       0x14 ./Generated_Code/COLDPWM.o
                0x00005a4c                PwmLdd2_OnEnd
 .text.Clock_Init
                0x00005a60       0x80 ./Generated_Code/Clock.o
                0x00005a60                Clock_Init
 .text.Clock_Reset
                0x00005ae0       0x94 ./Generated_Code/Clock.o
                0x00005ae0                Clock_Reset
 .text.Clock_GetTimeReal
                0x00005b74       0xa0 ./Generated_Code/Clock.o
                0x00005b74                Clock_GetTimeReal
 .text.TU2_OnChannel0
                0x00005c14       0x6c ./Generated_Code/Clock.o
                0x00005c14                TU2_OnChannel0
 .text.Common_Init
                0x00005c80       0x78 ./Generated_Code/Cpu.o
                0x00005c80                Common_Init
 .text.Components_Init
                0x00005cf8       0x3c ./Generated_Code/Cpu.o
                0x00005cf8                Components_Init
 .text.Cpu_INT_NMIInterrupt
                0x00005d34        0xc ./Generated_Code/Cpu.o
                0x00005d34                Cpu_INT_NMIInterrupt
 .text.TU1_OnCounterRestart
                0x00005d40       0x28 ./Generated_Code/Cpu.o
                0x00005d40                TU1_OnCounterRestart
 .text.PwmLdd3_OnEnd
                0x00005d68       0x14 ./Generated_Code/HOTPWM.o
                0x00005d68                PwmLdd3_OnEnd
 .text.HWEnDi   0x00005d7c       0x80 ./Generated_Code/Inhr1.o
 .text.Inhr1_RecvChar
                0x00005dfc       0xe8 ./Generated_Code/Inhr1.o
                0x00005dfc                Inhr1_RecvChar
 .text.Inhr1_SendChar
                0x00005ee4       0xf4 ./Generated_Code/Inhr1.o
                0x00005ee4                Inhr1_SendChar
 .text.Inhr1_ClearRxBuf
                0x00005fd8       0x78 ./Generated_Code/Inhr1.o
                0x00005fd8                Inhr1_ClearRxBuf
 .text.Inhr1_ClearTxBuf
                0x00006050       0x78 ./Generated_Code/Inhr1.o
                0x00006050                Inhr1_ClearTxBuf
 .text.Inhr1_Init
                0x000060c8       0x6c ./Generated_Code/Inhr1.o
                0x000060c8                Inhr1_Init
 .text.ASerialLdd1_OnBlockReceived
                0x00006134       0x90 ./Generated_Code/Inhr1.o
                0x00006134                ASerialLdd1_OnBlockReceived
 .text.ASerialLdd1_OnBlockSent
                0x000061c4       0x88 ./Generated_Code/Inhr1.o
                0x000061c4                ASerialLdd1_OnBlockSent
 .text.ASerialLdd1_OnError
                0x0000624c       0x90 ./Generated_Code/Inhr1.o
                0x0000624c                ASerialLdd1_OnError
 .text.ASerialLdd1_OnBreak
                0x000062dc       0x20 ./Generated_Code/Inhr1.o
                0x000062dc                ASerialLdd1_OnBreak
 .text.PwmLdd1_OnEnd
                0x000062fc       0x14 ./Generated_Code/LidPWM.o
                0x000062fc                PwmLdd1_OnEnd
 .text.PwmLdd1_Init
                0x00006310       0x5c ./Generated_Code/PwmLdd1.o
                0x00006310                PwmLdd1_Init
 .text.PwmLdd1_SetRatio16
                0x0000636c       0x2c ./Generated_Code/PwmLdd1.o
                0x0000636c                PwmLdd1_SetRatio16
 .text.TU1_OnCounterRestart0
                0x00006398       0x3c ./Generated_Code/PwmLdd1.o
                0x00006398                TU1_OnCounterRestart0
 .text.SetRatio
                0x000063d4       0x68 ./Generated_Code/PwmLdd1.o
 .text.PwmLdd2_Init
                0x0000643c       0x54 ./Generated_Code/PwmLdd2.o
                0x0000643c                PwmLdd2_Init
 .text.PwmLdd2_SetRatio16
                0x00006490       0x2c ./Generated_Code/PwmLdd2.o
                0x00006490                PwmLdd2_SetRatio16
 .text.TU1_OnCounterRestart1
                0x000064bc       0x24 ./Generated_Code/PwmLdd2.o
                0x000064bc                TU1_OnCounterRestart1
 .text.SetRatio
                0x000064e0       0x68 ./Generated_Code/PwmLdd2.o
 .text.PwmLdd3_Init
                0x00006548       0x54 ./Generated_Code/PwmLdd3.o
                0x00006548                PwmLdd3_Init
 .text.PwmLdd3_SetRatio16
                0x0000659c       0x2c ./Generated_Code/PwmLdd3.o
                0x0000659c                PwmLdd3_SetRatio16
 .text.TU1_OnCounterRestart2
                0x000065c8       0x24 ./Generated_Code/PwmLdd3.o
                0x000065c8                TU1_OnCounterRestart2
 .text.SetRatio
                0x000065ec       0x68 ./Generated_Code/PwmLdd3.o
 .text.TU1_Init
                0x00006654      0x140 ./Generated_Code/TU1.o
                0x00006654                TU1_Init
 .text.TU1_GetPeriodTicks
                0x00006794       0x3c ./Generated_Code/TU1.o
                0x00006794                TU1_GetPeriodTicks
 .text.TU1_SetOffsetTicks
                0x000067d0       0x58 ./Generated_Code/TU1.o
                0x000067d0                TU1_SetOffsetTicks
 .text.TU1_Interrupt
                0x00006828       0x5c ./Generated_Code/TU1.o
                0x00006828                TU1_Interrupt
 .text.TU2_Init
                0x00006884       0xe4 ./Generated_Code/TU2.o
                0x00006884                TU2_Init
 .text.TU2_SetEventMask
                0x00006968       0xec ./Generated_Code/TU2.o
                0x00006968                TU2_SetEventMask
 .text.TU2_GetEventMask
                0x00006a54       0x18 ./Generated_Code/TU2.o
                0x00006a54                TU2_GetEventMask
 .text.TU2_GetCounterValue
                0x00006a6c       0x1c ./Generated_Code/TU2.o
                0x00006a6c                TU2_GetCounterValue
 .text.TU2_SetOffsetTicks
                0x00006a88       0x44 ./Generated_Code/TU2.o
                0x00006a88                TU2_SetOffsetTicks
 .text.TU2_GetOffsetTicks
                0x00006acc       0x4c ./Generated_Code/TU2.o
                0x00006acc                TU2_GetOffsetTicks
 .text.TU2_Interrupt
                0x00006b18       0x78 ./Generated_Code/TU2.o
                0x00006b18                TU2_Interrupt
 .text.Term1_ReadLine
                0x00006b90       0x54 ./Generated_Code/Term1.o
                0x00006b90                Term1_ReadLine
 .text.Term1_SendStr
                0x00006be4       0x34 ./Generated_Code/Term1.o
                0x00006be4                Term1_SendStr
 .text.UTIL1_strcpy
                0x00006c18       0x44 ./Generated_Code/UTIL1.o
                0x00006c18                UTIL1_strcpy
 .text.UTIL1_strcat
                0x00006c5c       0x60 ./Generated_Code/UTIL1.o
                0x00006c5c                UTIL1_strcat
 .text.UTIL1_chcat
                0x00006cbc       0x50 ./Generated_Code/UTIL1.o
                0x00006cbc                UTIL1_chcat
 .text.UTIL1_Num8uToStr
                0x00006d0c       0x28 ./Generated_Code/UTIL1.o
                0x00006d0c                UTIL1_Num8uToStr
 .text.UTIL1_Num16uToStr
                0x00006d34      0x130 ./Generated_Code/UTIL1.o
                0x00006d34                UTIL1_Num16uToStr
 .text.ShiftRightAndFill
                0x00006e64       0xe4 ./Generated_Code/UTIL1.o
 .text.UTIL1_Num32uToStrFormatted
                0x00006f48       0x40 ./Generated_Code/UTIL1.o
                0x00006f48                UTIL1_Num32uToStrFormatted
 .text.UTIL1_strcatNum8u
                0x00006f88       0x38 ./Generated_Code/UTIL1.o
                0x00006f88                UTIL1_strcatNum8u
 .text.UTIL1_strcatNum32uFormatted
                0x00006fc0       0x44 ./Generated_Code/UTIL1.o
                0x00006fc0                UTIL1_strcatNum32uFormatted
 .text.UTIL1_strcatNum32s
                0x00007004       0x34 ./Generated_Code/UTIL1.o
                0x00007004                UTIL1_strcatNum32s
 .text.UTIL1_strcatNum32u
                0x00007038       0x34 ./Generated_Code/UTIL1.o
                0x00007038                UTIL1_strcatNum32u
 .text.UTIL1_Num32sToStr
                0x0000706c      0x184 ./Generated_Code/UTIL1.o
                0x0000706c                UTIL1_Num32sToStr
 .text.UTIL1_Num32uToStr
                0x000071f0      0x120 ./Generated_Code/UTIL1.o
                0x000071f0                UTIL1_Num32uToStr
 .text.UTIL1_xatoi
                0x00007310      0x1f0 ./Generated_Code/UTIL1.o
                0x00007310                UTIL1_xatoi
 .text.UTIL1_NumFloatToStr
                0x00007500      0x128 ./Generated_Code/UTIL1.o
                0x00007500                UTIL1_NumFloatToStr
 .text.UTIL1_strcatNumFloat
                0x00007628       0x3c ./Generated_Code/UTIL1.o
                0x00007628                UTIL1_strcatNumFloat
 .text.PCLIB_CtrlPIDInit_F16_FC
                0x00007664        0xc C:\Freescale\FSLESL\CM0_FSLESL_4.2_KDS\PCLIB\pclib.a(PCLIB_CtrlPID_F16.o)
                0x00007664                PCLIB_CtrlPIDInit_F16_FC
 .text.PCLIB_CtrlPID_F16_FC
                0x00007670       0x54 C:\Freescale\FSLESL\CM0_FSLESL_4.2_KDS\PCLIB\pclib.a(PCLIB_CtrlPID_F16.o)
                0x00007670                PCLIB_CtrlPID_F16_FC
 *fill*         0x000076c4        0x4 
 .text.log      0x000076c8      0x110 c:/freescale/kds_v3/toolchain/bin/../lib/gcc/arm-none-eabi/4.8.4/../../../../arm-none-eabi/lib/armv6-m\libm.a(lib_a-w_log.o)
                0x000076c8                log
 .text.__ieee754_log
                0x000077d8      0x420 c:/freescale/kds_v3/toolchain/bin/../lib/gcc/arm-none-eabi/4.8.4/../../../../arm-none-eabi/lib/armv6-m\libm.a(lib_a-e_log.o)
                0x000077d8                __ieee754_log
 .text.__fpclassifyd
                0x00007bf8       0x60 c:/freescale/kds_v3/toolchain/bin/../lib/gcc/arm-none-eabi/4.8.4/../../../../arm-none-eabi/lib/armv6-m\libm.a(lib_a-s_fpclassify.o)
                0x00007bf8                __fpclassifyd
 .text.matherr  0x00007c58        0x4 c:/freescale/kds_v3/toolchain/bin/../lib/gcc/arm-none-eabi/4.8.4/../../../../arm-none-eabi/lib/armv6-m\libm.a(lib_a-s_matherr.o)
                0x00007c58                matherr
 *fill*         0x00007c5c        0x4 
 .text.nan      0x00007c60       0x10 c:/freescale/kds_v3/toolchain/bin/../lib/gcc/arm-none-eabi/4.8.4/../../../../arm-none-eabi/lib/armv6-m\libm.a(lib_a-s_nan.o)
                0x00007c60                nan
 .text.__errno  0x00007c70        0xc c:/freescale/kds_v3/toolchain/bin/../lib/gcc/arm-none-eabi/4.8.4/../../../../arm-none-eabi/lib/armv6-m\libg_s.a(lib_a-errno.o)
                0x00007c70                __errno
 .text.exit     0x00007c7c       0x2c c:/freescale/kds_v3/toolchain/bin/../lib/gcc/arm-none-eabi/4.8.4/../../../../arm-none-eabi/lib/armv6-m\libg_s.a(lib_a-exit.o)
                0x00007c7c                exit
 .text.__libc_init_array
                0x00007ca8       0x4c c:/freescale/kds_v3/toolchain/bin/../lib/gcc/arm-none-eabi/4.8.4/../../../../arm-none-eabi/lib/armv6-m\libg_s.a(lib_a-init.o)
                0x00007ca8                __libc_init_array
 .text.memcpy   0x00007cf4       0x12 c:/freescale/kds_v3/toolchain/bin/../lib/gcc/arm-none-eabi/4.8.4/../../../../arm-none-eabi/lib/armv6-m\libg_s.a(lib_a-memcpy-stub.o)
                0x00007cf4                memcpy
 .text.memset   0x00007d06       0x10 c:/freescale/kds_v3/toolchain/bin/../lib/gcc/arm-none-eabi/4.8.4/../../../../arm-none-eabi/lib/armv6-m\libg_s.a(lib_a-memset.o)
                0x00007d06                memset
 .text.strlen   0x00007d16        0xe c:/freescale/kds_v3/toolchain/bin/../lib/gcc/arm-none-eabi/4.8.4/../../../../arm-none-eabi/lib/armv6-m\libg_s.a(lib_a-strlen.o)
                0x00007d16                strlen
 .text.strncmp  0x00007d24       0x2c c:/freescale/kds_v3/toolchain/bin/../lib/gcc/arm-none-eabi/4.8.4/../../../../arm-none-eabi/lib/armv6-m\libg_s.a(lib_a-strncmp.o)
                0x00007d24                strncmp
 .text.match    0x00007d50       0x28 c:/freescale/kds_v3/toolchain/bin/../lib/gcc/arm-none-eabi/4.8.4/../../../../arm-none-eabi/lib/armv6-m\libg_s.a(lib_a-strtod.o)
 .text.unlikely.sulp
                0x00007d78       0x2c c:/freescale/kds_v3/toolchain/bin/../lib/gcc/arm-none-eabi/4.8.4/../../../../arm-none-eabi/lib/armv6-m\libg_s.a(lib_a-strtod.o)
 *fill*         0x00007da4        0x4 
 .text._strtod_r
                0x00007da8      0xc50 c:/freescale/kds_v3/toolchain/bin/../lib/gcc/arm-none-eabi/4.8.4/../../../../arm-none-eabi/lib/armv6-m\libg_s.a(lib_a-strtod.o)
                0x00007da8                _strtod_r
 .text.strtof   0x000089f8       0x30 c:/freescale/kds_v3/toolchain/bin/../lib/gcc/arm-none-eabi/4.8.4/../../../../arm-none-eabi/lib/armv6-m\libg_s.a(lib_a-strtod.o)
                0x000089f8                strtof
 .text.__cvt    0x00008a28       0xd0 c:/freescale/kds_v3/toolchain/bin/../lib/gcc/arm-none-eabi/4.8.4/../../../../arm-none-eabi/lib/armv6-m\libg_s.a(lib_a-vfprintf_float.o)
                0x00008a28                __cvt
 .text.__exponent
                0x00008af8       0x6a c:/freescale/kds_v3/toolchain/bin/../lib/gcc/arm-none-eabi/4.8.4/../../../../arm-none-eabi/lib/armv6-m\libg_s.a(lib_a-vfprintf_float.o)
                0x00008af8                __exponent
 *fill*         0x00008b62        0x6 
 .text._printf_float
                0x00008b68      0x458 c:/freescale/kds_v3/toolchain/bin/../lib/gcc/arm-none-eabi/4.8.4/../../../../arm-none-eabi/lib/armv6-m\libg_s.a(lib_a-vfprintf_float.o)
                0x00008b68                _printf_float
 .text._printf_common
                0x00008fc0       0xe8 c:/freescale/kds_v3/toolchain/bin/../lib/gcc/arm-none-eabi/4.8.4/../../../../arm-none-eabi/lib/armv6-m\libg_s.a(lib_a-vfprintf_i.o)
                0x00008fc0                _printf_common
 .text.quorem   0x000090a8      0x118 c:/freescale/kds_v3/toolchain/bin/../lib/gcc/arm-none-eabi/4.8.4/../../../../arm-none-eabi/lib/armv6-m\libg_s.a(lib_a-dtoa.o)
 .text._dtoa_r  0x000091c0      0xbb8 c:/freescale/kds_v3/toolchain/bin/../lib/gcc/arm-none-eabi/4.8.4/../../../../arm-none-eabi/lib/armv6-m\libg_s.a(lib_a-dtoa.o)
                0x000091c0                _dtoa_r
 .text.rshift   0x00009d78       0x6c c:/freescale/kds_v3/toolchain/bin/../lib/gcc/arm-none-eabi/4.8.4/../../../../arm-none-eabi/lib/armv6-m\libg_s.a(lib_a-gdtoa-gethex.o)
 .text.__hexdig_fun
                0x00009de4       0x2a c:/freescale/kds_v3/toolchain/bin/../lib/gcc/arm-none-eabi/4.8.4/../../../../arm-none-eabi/lib/armv6-m\libg_s.a(lib_a-gdtoa-gethex.o)
                0x00009de4                __hexdig_fun
 .text.__gethex
                0x00009e0e      0x43c c:/freescale/kds_v3/toolchain/bin/../lib/gcc/arm-none-eabi/4.8.4/../../../../arm-none-eabi/lib/armv6-m\libg_s.a(lib_a-gdtoa-gethex.o)
                0x00009e0e                __gethex
 .text.L_shift  0x0000a24a       0x24 c:/freescale/kds_v3/toolchain/bin/../lib/gcc/arm-none-eabi/4.8.4/../../../../arm-none-eabi/lib/armv6-m\libg_s.a(lib_a-gdtoa-hexnan.o)
 .text.__hexnan
                0x0000a26e      0x132 c:/freescale/kds_v3/toolchain/bin/../lib/gcc/arm-none-eabi/4.8.4/../../../../arm-none-eabi/lib/armv6-m\libg_s.a(lib_a-gdtoa-hexnan.o)
                0x0000a26e                __hexnan
 .text._localeconv_r
                0x0000a3a0        0x8 c:/freescale/kds_v3/toolchain/bin/../lib/gcc/arm-none-eabi/4.8.4/../../../../arm-none-eabi/lib/armv6-m\libg_s.a(lib_a-locale.o)
                0x0000a3a0                _localeconv_r
 .text.malloc   0x0000a3a8       0x14 c:/freescale/kds_v3/toolchain/bin/../lib/gcc/arm-none-eabi/4.8.4/../../../../arm-none-eabi/lib/armv6-m\libg_s.a(lib_a-malloc.o)
                0x0000a3a8                malloc
 .text._Balloc  0x0000a3bc       0x70 c:/freescale/kds_v3/toolchain/bin/../lib/gcc/arm-none-eabi/4.8.4/../../../../arm-none-eabi/lib/armv6-m\libg_s.a(lib_a-mprec.o)
                0x0000a3bc                _Balloc
 .text._Bfree   0x0000a42c       0x32 c:/freescale/kds_v3/toolchain/bin/../lib/gcc/arm-none-eabi/4.8.4/../../../../arm-none-eabi/lib/armv6-m\libg_s.a(lib_a-mprec.o)
                0x0000a42c                _Bfree
 .text.__multadd
                0x0000a45e       0x7c c:/freescale/kds_v3/toolchain/bin/../lib/gcc/arm-none-eabi/4.8.4/../../../../arm-none-eabi/lib/armv6-m\libg_s.a(lib_a-mprec.o)
                0x0000a45e                __multadd
 .text.__s2b    0x0000a4da       0x80 c:/freescale/kds_v3/toolchain/bin/../lib/gcc/arm-none-eabi/4.8.4/../../../../arm-none-eabi/lib/armv6-m\libg_s.a(lib_a-mprec.o)
                0x0000a4da                __s2b
 .text.__hi0bits
                0x0000a55a       0x38 c:/freescale/kds_v3/toolchain/bin/../lib/gcc/arm-none-eabi/4.8.4/../../../../arm-none-eabi/lib/armv6-m\libg_s.a(lib_a-mprec.o)
                0x0000a55a                __hi0bits
 .text.__lo0bits
                0x0000a592       0x5a c:/freescale/kds_v3/toolchain/bin/../lib/gcc/arm-none-eabi/4.8.4/../../../../arm-none-eabi/lib/armv6-m\libg_s.a(lib_a-mprec.o)
                0x0000a592                __lo0bits
 .text.__i2b    0x0000a5ec       0x12 c:/freescale/kds_v3/toolchain/bin/../lib/gcc/arm-none-eabi/4.8.4/../../../../arm-none-eabi/lib/armv6-m\libg_s.a(lib_a-mprec.o)
                0x0000a5ec                __i2b
 .text.__multiply
                0x0000a5fe      0x11e c:/freescale/kds_v3/toolchain/bin/../lib/gcc/arm-none-eabi/4.8.4/../../../../arm-none-eabi/lib/armv6-m\libg_s.a(lib_a-mprec.o)
                0x0000a5fe                __multiply
 .text.__pow5mult
                0x0000a71c       0xa4 c:/freescale/kds_v3/toolchain/bin/../lib/gcc/arm-none-eabi/4.8.4/../../../../arm-none-eabi/lib/armv6-m\libg_s.a(lib_a-mprec.o)
                0x0000a71c                __pow5mult
 .text.__lshift
                0x0000a7c0       0xa4 c:/freescale/kds_v3/toolchain/bin/../lib/gcc/arm-none-eabi/4.8.4/../../../../arm-none-eabi/lib/armv6-m\libg_s.a(lib_a-mprec.o)
                0x0000a7c0                __lshift
 .text.__mcmp   0x0000a864       0x36 c:/freescale/kds_v3/toolchain/bin/../lib/gcc/arm-none-eabi/4.8.4/../../../../arm-none-eabi/lib/armv6-m\libg_s.a(lib_a-mprec.o)
                0x0000a864                __mcmp
 .text.__mdiff  0x0000a89a       0xcc c:/freescale/kds_v3/toolchain/bin/../lib/gcc/arm-none-eabi/4.8.4/../../../../arm-none-eabi/lib/armv6-m\libg_s.a(lib_a-mprec.o)
                0x0000a89a                __mdiff
 *fill*         0x0000a966        0x2 
 .text.__ulp    0x0000a968       0x44 c:/freescale/kds_v3/toolchain/bin/../lib/gcc/arm-none-eabi/4.8.4/../../../../arm-none-eabi/lib/armv6-m\libg_s.a(lib_a-mprec.o)
                0x0000a968                __ulp
 .text.__b2d    0x0000a9ac       0xa4 c:/freescale/kds_v3/toolchain/bin/../lib/gcc/arm-none-eabi/4.8.4/../../../../arm-none-eabi/lib/armv6-m\libg_s.a(lib_a-mprec.o)
                0x0000a9ac                __b2d
 .text.__d2b    0x0000aa50       0xb0 c:/freescale/kds_v3/toolchain/bin/../lib/gcc/arm-none-eabi/4.8.4/../../../../arm-none-eabi/lib/armv6-m\libg_s.a(lib_a-mprec.o)
                0x0000aa50                __d2b
 .text.__ratio  0x0000ab00       0x48 c:/freescale/kds_v3/toolchain/bin/../lib/gcc/arm-none-eabi/4.8.4/../../../../arm-none-eabi/lib/armv6-m\libg_s.a(lib_a-mprec.o)
                0x0000ab00                __ratio
 .text.__copybits
                0x0000ab48       0x2c c:/freescale/kds_v3/toolchain/bin/../lib/gcc/arm-none-eabi/4.8.4/../../../../arm-none-eabi/lib/armv6-m\libg_s.a(lib_a-mprec.o)
                0x0000ab48                __copybits
 .text.__any_on
                0x0000ab74       0x44 c:/freescale/kds_v3/toolchain/bin/../lib/gcc/arm-none-eabi/4.8.4/../../../../arm-none-eabi/lib/armv6-m\libg_s.a(lib_a-mprec.o)
                0x0000ab74                __any_on
 .text._calloc_r
                0x0000abb8       0x1c c:/freescale/kds_v3/toolchain/bin/../lib/gcc/arm-none-eabi/4.8.4/../../../../arm-none-eabi/lib/armv6-m\libg_s.a(lib_a-nano-callocr.o)
                0x0000abb8                _calloc_r
 .text._malloc_r
                0x0000abd4       0xa8 c:/freescale/kds_v3/toolchain/bin/../lib/gcc/arm-none-eabi/4.8.4/../../../../arm-none-eabi/lib/armv6-m\libg_s.a(lib_a-nano-mallocr.o)
                0x0000abd4                _malloc_r
 .text._sbrk_r  0x0000ac7c       0x24 c:/freescale/kds_v3/toolchain/bin/../lib/gcc/arm-none-eabi/4.8.4/../../../../arm-none-eabi/lib/armv6-m\libg_s.a(lib_a-sbrkr.o)
                0x0000ac7c                _sbrk_r
 .text.nanf     0x0000aca0        0x8 c:/freescale/kds_v3/toolchain/bin/../lib/gcc/arm-none-eabi/4.8.4/../../../../arm-none-eabi/lib/armv6-m\libg_s.a(lib_a-sf_nan.o)
                0x0000aca0                nanf
 .text._sbrk    0x0000aca8       0x34 c:/freescale/kds_v3/toolchain/bin/../lib/gcc/arm-none-eabi/4.8.4/../../../../arm-none-eabi/lib/armv6-m\libnosys.a(sbrk.o)
                0x0000aca8                _sbrk
 .text._exit    0x0000acdc        0x4 c:/freescale/kds_v3/toolchain/bin/../lib/gcc/arm-none-eabi/4.8.4/../../../../arm-none-eabi/lib/armv6-m\libnosys.a(_exit.o)
                0x0000acdc                _exit
 *(.rodata)
 .rodata        0x0000ace0       0x1c ./Generated_Code/UTIL1.o
 .rodata        0x0000acfc       0x40 c:/freescale/kds_v3/toolchain/bin/../lib/gcc/arm-none-eabi/4.8.4/armv6-m\libgcc.a(divsf3.o)
 .rodata        0x0000ad3c       0x40 c:/freescale/kds_v3/toolchain/bin/../lib/gcc/arm-none-eabi/4.8.4/armv6-m\libgcc.a(mulsf3.o)
 .rodata        0x0000ad7c       0x40 c:/freescale/kds_v3/toolchain/bin/../lib/gcc/arm-none-eabi/4.8.4/armv6-m\libgcc.a(divdf3.o)
 .rodata        0x0000adbc       0x40 c:/freescale/kds_v3/toolchain/bin/../lib/gcc/arm-none-eabi/4.8.4/armv6-m\libgcc.a(muldf3.o)
 *(.rodata*)
 .rodata.ClockGenModeMatrix
                0x0000adfc       0x48 ./Static_Code/System/CPU_Init.o
 .rodata.CPU_ClockConfigDescriptors
                0x0000ae44       0x10 ./Static_Code/System/CPU_Init.o
 .rodata.CPU_DefaultFEI
                0x0000ae54        0x8 ./Static_Code/System/CPU_Init.o
 .rodata.CPU_DefaultFBI
                0x0000ae5c        0x8 ./Static_Code/System/CPU_Init.o
 .rodata.CPU_DefaultFBILP
                0x0000ae64        0x8 ./Static_Code/System/CPU_Init.o
 .rodata.CPU_DefaultFEE
                0x0000ae6c        0x8 ./Static_Code/System/CPU_Init.o
 .rodata.CPU_DefaultFBE
                0x0000ae74        0x8 ./Static_Code/System/CPU_Init.o
 .rodata.CPU_DefaultFBELP
                0x0000ae7c        0x8 ./Static_Code/System/CPU_Init.o
 .rodata.CPU_ClockGenModeRegs
                0x0000ae84       0x18 ./Static_Code/System/CPU_Init.o
 .rodata.CPU_SetClockConfigGenMode
                0x0000ae9c       0x30 ./Static_Code/System/CPU_Init.o
 .rodata.main   0x0000aecc       0x18 ./Sources/main.o
 .rodata.StaticSampleGroups
                0x0000aee4        0xc ./Generated_Code/AD1.o
 .rodata.ChannelDevice
                0x0000aef0        0x4 ./Generated_Code/TU1.o
 .rodata.ChannelMode
                0x0000aef4        0x4 ./Generated_Code/TU1.o
 .rodata.str1.4
                0x0000aef8        0x8 c:/freescale/kds_v3/toolchain/bin/../lib/gcc/arm-none-eabi/4.8.4/../../../../arm-none-eabi/lib/armv6-m\libm.a(lib_a-w_log.o)
 .rodata.str1.1
                0x0000af00        0x2 c:/freescale/kds_v3/toolchain/bin/../lib/gcc/arm-none-eabi/4.8.4/../../../../arm-none-eabi/lib/armv6-m\libg_s.a(lib_a-impure.o)
 *fill*         0x0000af02        0x2 
 .rodata._global_impure_ptr
                0x0000af04        0x4 c:/freescale/kds_v3/toolchain/bin/../lib/gcc/arm-none-eabi/4.8.4/../../../../arm-none-eabi/lib/armv6-m\libg_s.a(lib_a-impure.o)
                0x0000af04                _global_impure_ptr
 .rodata.tinytens
                0x0000af08       0x28 c:/freescale/kds_v3/toolchain/bin/../lib/gcc/arm-none-eabi/4.8.4/../../../../arm-none-eabi/lib/armv6-m\libg_s.a(lib_a-strtod.o)
 .rodata.fpi.5246
                0x0000af30       0x14 c:/freescale/kds_v3/toolchain/bin/../lib/gcc/arm-none-eabi/4.8.4/../../../../arm-none-eabi/lib/armv6-m\libg_s.a(lib_a-strtod.o)
 .rodata.str1.1
                0x00000000        0x2 c:/freescale/kds_v3/toolchain/bin/../lib/gcc/arm-none-eabi/4.8.4/../../../../arm-none-eabi/lib/armv6-m\libg_s.a(lib_a-strtod.o)
                                  0xc (size before relaxing)
 .rodata.fpinan.5282
                0x0000af44       0x14 c:/freescale/kds_v3/toolchain/bin/../lib/gcc/arm-none-eabi/4.8.4/../../../../arm-none-eabi/lib/armv6-m\libg_s.a(lib_a-strtod.o)
 .rodata.str1.1
                0x0000af58       0x12 c:/freescale/kds_v3/toolchain/bin/../lib/gcc/arm-none-eabi/4.8.4/../../../../arm-none-eabi/lib/armv6-m\libg_s.a(lib_a-vfprintf_float.o)
 .rodata.str1.1
                0x0000af6a        0xd c:/freescale/kds_v3/toolchain/bin/../lib/gcc/arm-none-eabi/4.8.4/../../../../arm-none-eabi/lib/armv6-m\libg_s.a(lib_a-dtoa.o)
                                  0xf (size before relaxing)
 .rodata.str1.1
                0x0000af77        0x8 c:/freescale/kds_v3/toolchain/bin/../lib/gcc/arm-none-eabi/4.8.4/../../../../arm-none-eabi/lib/armv6-m\libg_s.a(lib_a-locale.o)
                                  0xb (size before relaxing)
 *fill*         0x0000af7f        0x1 
 .rodata.__mprec_tens
                0x0000af80       0xc8 c:/freescale/kds_v3/toolchain/bin/../lib/gcc/arm-none-eabi/4.8.4/../../../../arm-none-eabi/lib/armv6-m\libg_s.a(lib_a-mprec.o)
                0x0000af80                __mprec_tens
 .rodata.__mprec_bigtens
                0x0000b048       0x28 c:/freescale/kds_v3/toolchain/bin/../lib/gcc/arm-none-eabi/4.8.4/../../../../arm-none-eabi/lib/armv6-m\libg_s.a(lib_a-mprec.o)
                0x0000b048                __mprec_bigtens
 .rodata.p05.5281
                0x0000b070        0xc c:/freescale/kds_v3/toolchain/bin/../lib/gcc/arm-none-eabi/4.8.4/../../../../arm-none-eabi/lib/armv6-m\libg_s.a(lib_a-mprec.o)
 *(.glue_7)
 .glue_7        0x00000000        0x0 linker stubs
 *(.glue_7t)
 .glue_7t       0x00000000        0x0 linker stubs
 *(.eh_frame)
 .eh_frame      0x0000b07c        0x0 c:/freescale/kds_v3/toolchain/bin/../lib/gcc/arm-none-eabi/4.8.4/armv6-m/crtbegin.o
 *(.init)
 .init          0x0000b07c        0x4 c:/freescale/kds_v3/toolchain/bin/../lib/gcc/arm-none-eabi/4.8.4/armv6-m/crti.o
                0x0000b07c                _init
 .init          0x0000b080        0x8 c:/freescale/kds_v3/toolchain/bin/../lib/gcc/arm-none-eabi/4.8.4/armv6-m/crtn.o
 *(.fini)
 .fini          0x0000b088        0x4 c:/freescale/kds_v3/toolchain/bin/../lib/gcc/arm-none-eabi/4.8.4/armv6-m/crti.o
                0x0000b088                _fini
 .fini          0x0000b08c        0x8 c:/freescale/kds_v3/toolchain/bin/../lib/gcc/arm-none-eabi/4.8.4/armv6-m/crtn.o
                0x0000b094                . = ALIGN (0x4)
                0x0000b094                _etext = .

.vfp11_veneer   0x0000b094        0x0
 .vfp11_veneer  0x00000000        0x0 linker stubs

.v4_bx          0x0000b094        0x0
 .v4_bx         0x00000000        0x0 linker stubs

.iplt           0x0000b094        0x0
 .iplt          0x00000000        0x0 c:/freescale/kds_v3/toolchain/bin/../lib/gcc/arm-none-eabi/4.8.4/armv6-m/crtbegin.o

.ARM.extab
 *(.ARM.extab* .gnu.linkonce.armextab.*)

.ARM            0x0000b094        0x8
                0x0000b094                __exidx_start = .
 *(.ARM.exidx*)
 .ARM.exidx     0x0000b094        0x8 c:/freescale/kds_v3/toolchain/bin/../lib/gcc/arm-none-eabi/4.8.4/../../../../arm-none-eabi/lib/armv6-m/crt0.o
                0x0000b09c                __exidx_end = .

.rel.dyn        0x0000b09c        0x0
 .rel.iplt      0x00000000        0x0 c:/freescale/kds_v3/toolchain/bin/../lib/gcc/arm-none-eabi/4.8.4/armv6-m/crtbegin.o

.ctors          0x0000b09c        0x0
                0x0000b09c                __CTOR_LIST__ = .
 *crtbegin.o(.ctors)
 *(EXCLUDE_FILE(*crtend.o) .ctors)
 *(SORT(.ctors.*))
 *(.ctors)
                0x0000b09c                __CTOR_END__ = .

.dtors          0x0000b09c        0x0
                0x0000b09c                __DTOR_LIST__ = .
 *crtbegin.o(.dtors)
 *(EXCLUDE_FILE(*crtend.o) .dtors)
 *(SORT(.dtors.*))
 *(.dtors)
                0x0000b09c                __DTOR_END__ = .

.preinit_array  0x0000b09c        0x0
                0x0000b09c                PROVIDE (__preinit_array_start, .)
 *(.preinit_array*)
                0x0000b09c                PROVIDE (__preinit_array_end, .)

.init_array     0x0000b09c        0x4
                0x0000b09c                PROVIDE (__init_array_start, .)
 *(SORT(.init_array.*))
 *(.init_array*)
 .init_array    0x0000b09c        0x4 c:/freescale/kds_v3/toolchain/bin/../lib/gcc/arm-none-eabi/4.8.4/armv6-m/crtbegin.o
                0x0000b0a0                PROVIDE (__init_array_end, .)

.fini_array     0x0000b0a0        0x4
                0x0000b0a0                PROVIDE (__fini_array_start, .)
 *(SORT(.fini_array.*))
 *(.fini_array*)
 .fini_array    0x0000b0a0        0x4 c:/freescale/kds_v3/toolchain/bin/../lib/gcc/arm-none-eabi/4.8.4/armv6-m/crtbegin.o
                0x0000b0a4                PROVIDE (__fini_array_end, .)
                0x0000b0a4                ___ROM_AT = .

.mtb            0x1ffff000        0x0
                0x1ffff000                . = ALIGN (0x8)
                0x1ffff000                _mtb_start = .
 *(.mtb_buf)
                0x1ffff000                . = ALIGN (0x8)
                0x1ffff000                _mtb_end = .

.data           0x1ffff000       0xd4 load address 0x0000b0a4
                0x1ffff000                . = ALIGN (0x4)
                0x1ffff000                _sdata = .
 *(.data)
 *(.data*)
 .data.TempDenat
                0x1ffff000        0x4 ./Sources/main.o
                0x1ffff000                TempDenat
 .data.TempPrimers
                0x1ffff004        0x4 ./Sources/main.o
                0x1ffff004                TempPrimers
 .data.TempAnnealing
                0x1ffff008        0x4 ./Sources/main.o
                0x1ffff008                TempAnnealing
 .data.numCiclos
                0x1ffff00c        0x4 ./Sources/main.o
                0x1ffff00c                numCiclos
 .data.tiempoDenat
                0x1ffff010        0x4 ./Sources/main.o
                0x1ffff010                tiempoDenat
 .data.tiempoPrimers
                0x1ffff014        0x4 ./Sources/main.o
                0x1ffff014                tiempoPrimers
 .data.tiempoAnnealing
                0x1ffff018        0x4 ./Sources/main.o
                0x1ffff018                tiempoAnnealing
 .data.tiempoInitDenat
                0x1ffff01c        0x4 ./Sources/main.o
                0x1ffff01c                tiempoInitDenat
 .data.tiempoFinalExtension
                0x1ffff020        0x4 ./Sources/main.o
                0x1ffff020                tiempoFinalExtension
 .data.ratio    0x1ffff024        0x4 ./Sources/main.o
                0x1ffff024                ratio
 .data.ratioCold
                0x1ffff028        0x4 ./Sources/main.o
                0x1ffff028                ratioCold
 .data.escalon  0x1ffff02c        0x4 ./Sources/main.o
                0x1ffff02c                escalon
 .data.proportionalBand
                0x1ffff030        0x4 ./Sources/main.o
                0x1ffff030                proportionalBand
 .data.__fdlib_version
                0x1ffff034        0x1 c:/freescale/kds_v3/toolchain/bin/../lib/gcc/arm-none-eabi/4.8.4/../../../../arm-none-eabi/lib/armv6-m\libm.a(lib_a-s_lib_ver.o)
                0x1ffff034                __fdlib_version
 *fill*         0x1ffff035        0x3 
 .data.impure_data
                0x1ffff038       0x60 c:/freescale/kds_v3/toolchain/bin/../lib/gcc/arm-none-eabi/4.8.4/../../../../arm-none-eabi/lib/armv6-m\libg_s.a(lib_a-impure.o)
 .data._impure_ptr
                0x1ffff098        0x4 c:/freescale/kds_v3/toolchain/bin/../lib/gcc/arm-none-eabi/4.8.4/../../../../arm-none-eabi/lib/armv6-m\libg_s.a(lib_a-impure.o)
                0x1ffff098                _impure_ptr
 .data.lconv    0x1ffff09c       0x38 c:/freescale/kds_v3/toolchain/bin/../lib/gcc/arm-none-eabi/4.8.4/../../../../arm-none-eabi/lib/armv6-m\libg_s.a(lib_a-locale.o)
                0x1ffff0d4                . = ALIGN (0x4)
                0x1ffff0d4                _edata = .
                0x000000d4                ___data_size = (_edata - _sdata)

.jcr            0x1ffff0d4        0x0 load address 0x0000b178
 .jcr           0x1ffff0d4        0x0 c:/freescale/kds_v3/toolchain/bin/../lib/gcc/arm-none-eabi/4.8.4/armv6-m/crtbegin.o

.igot.plt       0x1ffff0d4        0x0 load address 0x0000b178
 .igot.plt      0x00000000        0x0 c:/freescale/kds_v3/toolchain/bin/../lib/gcc/arm-none-eabi/4.8.4/armv6-m/crtbegin.o
                0x1ffff0d4                . = ALIGN (0x4)

.bss            0x1ffff0d4      0x2ac load address 0x0000b178
                0x1ffff0d4                __START_BSS = .
                0x1ffff0d4                PROVIDE (__bss_start__, __START_BSS)
 *(.bss)
 .bss           0x1ffff0d4       0x1c c:/freescale/kds_v3/toolchain/bin/../lib/gcc/arm-none-eabi/4.8.4/armv6-m/crtbegin.o
 *(.bss*)
 .bss.SR_lock   0x1ffff0f0        0x1 ./Static_Code/System/CPU_Init.o
                0x1ffff0f0                SR_lock
 *fill*         0x1ffff0f1        0x3 
 .bss.sParam    0x1ffff0f4       0x10 ./Sources/main.o
 .bss.tiempoCicloPCR
                0x1ffff104        0x4 ./Sources/main.o
                0x1ffff104                tiempoCicloPCR
 .bss.tiempoTotal
                0x1ffff108        0x4 ./Sources/main.o
                0x1ffff108                tiempoTotal
 .bss.ratioLid  0x1ffff10c        0x4 ./Sources/main.o
                0x1ffff10c                ratioLid
 .bss.ciclo     0x1ffff110        0x4 ./Sources/main.o
                0x1ffff110                ciclo
 .bss.u0        0x1ffff114        0x4 ./Sources/main.o
                0x1ffff114                u0
 .bss.u1        0x1ffff118        0x4 ./Sources/main.o
                0x1ffff118                u1
 .bss.e1        0x1ffff11c        0x4 ./Sources/main.o
                0x1ffff11c                e1
 .bss.e0        0x1ffff120        0x4 ./Sources/main.o
                0x1ffff120                e0
 .bss.e2        0x1ffff124        0x4 ./Sources/main.o
                0x1ffff124                e2
 .bss.interruptRXActivado
                0x1ffff128        0x1 ./Sources/main.o
                0x1ffff128                interruptRXActivado
 *fill*         0x1ffff129        0x3 
 .bss.DeviceDataPrv__DEFAULT_RTOS_ALLOC
                0x1ffff12c       0x18 ./Generated_Code/AD1.o
 .bss.INT_ADC0__DEFAULT_RTOS_ISRPARAM
                0x1ffff144        0x4 ./Generated_Code/AD1.o
 .bss.DeviceDataPrv__DEFAULT_RTOS_ALLOC
                0x1ffff148       0x20 ./Generated_Code/ASerialLdd1.o
 .bss.INT_UART2__DEFAULT_RTOS_ISRPARAM
                0x1ffff168        0x4 ./Generated_Code/ASerialLdd1.o
 .bss.DeviceDataPrv__DEFAULT_RTOS_ALLOC
                0x1ffff16c        0x4 ./Generated_Code/BitIoLdd3.o
 .bss.DeviceDataPrv__DEFAULT_RTOS_ALLOC
                0x1ffff170        0x4 ./Generated_Code/BitIoLdd4.o
 .bss.DeviceDataPrv__DEFAULT_RTOS_ALLOC
                0x1ffff174        0x4 ./Generated_Code/BitIoLdd5.o
 .bss.DeviceDataPrv__DEFAULT_RTOS_ALLOC
                0x1ffff178        0x4 ./Generated_Code/BitIoLdd6.o
 .bss.DeviceDataPrv__DEFAULT_RTOS_ALLOC
                0x1ffff17c        0x4 ./Generated_Code/BitIoLdd7.o
 .bss.DeviceDataPrv__DEFAULT_RTOS_ALLOC
                0x1ffff180       0x14 ./Generated_Code/Clock.o
 .bss.EnUser    0x1ffff194        0x1 ./Generated_Code/Inhr1.o
 *fill*         0x1ffff195        0x1 
 .bss.SerFlag   0x1ffff196        0x2 ./Generated_Code/Inhr1.o
 .bss.Inhr1_InpLen
                0x1ffff198        0x2 ./Generated_Code/Inhr1.o
 .bss.InpIndexR
                0x1ffff19a        0x2 ./Generated_Code/Inhr1.o
 .bss.InpIndexW
                0x1ffff19c        0x2 ./Generated_Code/Inhr1.o
 *fill*         0x1ffff19e        0x2 
 .bss.InpBuffer
                0x1ffff1a0       0x40 ./Generated_Code/Inhr1.o
 .bss.BufferRead
                0x1ffff1e0        0x1 ./Generated_Code/Inhr1.o
 *fill*         0x1ffff1e1        0x1 
 .bss.Inhr1_OutLen
                0x1ffff1e2        0x2 ./Generated_Code/Inhr1.o
 .bss.OutIndexR
                0x1ffff1e4        0x2 ./Generated_Code/Inhr1.o
 .bss.OutIndexW
                0x1ffff1e6        0x2 ./Generated_Code/Inhr1.o
 .bss.OutBuffer
                0x1ffff1e8       0x40 ./Generated_Code/Inhr1.o
 .bss.PE_LDD_DeviceDataList
                0x1ffff228       0x34 ./Generated_Code/PE_LDD.o
                0x1ffff228                PE_LDD_DeviceDataList
 .bss.DeviceDataPrv__DEFAULT_RTOS_ALLOC
                0x1ffff25c       0x10 ./Generated_Code/PwmLdd1.o
 .bss.DeviceDataPrv__DEFAULT_RTOS_ALLOC
                0x1ffff26c        0xc ./Generated_Code/PwmLdd2.o
 .bss.DeviceDataPrv__DEFAULT_RTOS_ALLOC
                0x1ffff278        0xc ./Generated_Code/PwmLdd3.o
 .bss.DeviceDataPrv__DEFAULT_RTOS_ALLOC
                0x1ffff284       0x10 ./Generated_Code/TU1.o
 .bss.INT_FTM2__DEFAULT_RTOS_ISRPARAM
                0x1ffff294        0x4 ./Generated_Code/TU1.o
 .bss.DeviceDataPrv__DEFAULT_RTOS_ALLOC
                0x1ffff298        0xc ./Generated_Code/TU2.o
 .bss.INT_FTM0__DEFAULT_RTOS_ISRPARAM
                0x1ffff2a4        0x4 ./Generated_Code/TU2.o
 .bss.__malloc_sbrk_start
                0x1ffff2a8        0x4 c:/freescale/kds_v3/toolchain/bin/../lib/gcc/arm-none-eabi/4.8.4/../../../../arm-none-eabi/lib/armv6-m\libg_s.a(lib_a-nano-mallocr.o)
                0x1ffff2a8                __malloc_sbrk_start
 .bss.__malloc_free_list
                0x1ffff2ac        0x4 c:/freescale/kds_v3/toolchain/bin/../lib/gcc/arm-none-eabi/4.8.4/../../../../arm-none-eabi/lib/armv6-m\libg_s.a(lib_a-nano-mallocr.o)
                0x1ffff2ac                __malloc_free_list
 .bss.heap_end.4246
                0x1ffff2b0        0x4 c:/freescale/kds_v3/toolchain/bin/../lib/gcc/arm-none-eabi/4.8.4/../../../../arm-none-eabi/lib/armv6-m\libnosys.a(sbrk.o)
 *(COMMON)
 COMMON         0x1ffff2b4        0x1 ./Static_Code/System/CPU_Init.o
                0x1ffff2b4                SR_reg
 *fill*         0x1ffff2b5        0x3 
 COMMON         0x1ffff2b8       0xc0 ./Sources/main.o
                0x1ffff2b8                j
                0x1ffff2bc                tempsEnviadas
                0x1ffff2dc                MyADCPtr
                0x1ffff2e0                infoCiclo
                0x1ffff310                temperature
                0x1ffff318                ADCTemp
                0x1ffff31c                infoCicloString
                0x1ffff344                buf
                0x1ffff36c                RelojCicloPCR
                0x1ffff370                valueVolt
                0x1ffff374                RelojTotal
 COMMON         0x1ffff378        0x4 ./Generated_Code/Inhr1.o
                0x1ffff378                ASerialLdd1_DeviceDataPtr
 COMMON         0x1ffff37c        0x4 c:/freescale/kds_v3/toolchain/bin/../lib/gcc/arm-none-eabi/4.8.4/../../../../arm-none-eabi/lib/armv6-m\libg_s.a(lib_a-reent.o)
                0x1ffff37c                errno
                0x1ffff380                . = ALIGN (0x4)
                0x1ffff380                __END_BSS = .
                0x1ffff380                PROVIDE (__bss_end__, __END_BSS)
                0x0000b178                _romp_at = (___ROM_AT + SIZEOF (.data))

.romp           0x1ffff380       0x18 load address 0x0000b178
                0x0000b178                __S_romp = _romp_at
                0x1ffff380        0x4 LONG 0xb0a4 ___ROM_AT
                0x1ffff384        0x4 LONG 0x1ffff000 _sdata
                0x1ffff388        0x4 LONG 0xd4 ___data_size
                0x1ffff38c        0x4 LONG 0x0
                0x1ffff390        0x4 LONG 0x0
                0x1ffff394        0x4 LONG 0x0
                0x00020000                text_end = (ORIGIN (m_text) + 0x1fbf0)
                0x0000b190                data_init_end = ((___ROM_AT + SIZEOF (.data)) + SIZEOF (.romp))
                0x00000001                ASSERT ((data_init_end <= text_end), region m_text overflowed with text and data)

._user_heap_stack
                0x1ffff398     0x1800 load address 0x0000b190
                0x1ffff398                . = ALIGN (0x4)
                0x1ffff398                PROVIDE (end, .)
                0x1ffff398                PROVIDE (_end, .)
                0x1ffff398                PROVIDE (__end__, .)
                0x1ffff398                __heap_addr = .
                0x1ffff398                __HeapBase = .
                0x1fffff98                . = (. + __heap_size)
 *fill*         0x1ffff398      0xc00 
                0x1fffff98                __HeapLimit = .
                0x20000b98                . = (. + __stack_size)
 *fill*         0x1fffff98      0xc00 
                0x20000b98                . = ALIGN (0x4)

.ARM.attributes
                0x00000000       0x28
 *(.ARM.attributes)
 .ARM.attributes
                0x00000000       0x1e c:/freescale/kds_v3/toolchain/bin/../lib/gcc/arm-none-eabi/4.8.4/armv6-m/crti.o
 .ARM.attributes
                0x0000001e       0x2c c:/freescale/kds_v3/toolchain/bin/../lib/gcc/arm-none-eabi/4.8.4/armv6-m/crtbegin.o
 .ARM.attributes
                0x0000004a       0x1b c:/freescale/kds_v3/toolchain/bin/../lib/gcc/arm-none-eabi/4.8.4/../../../../arm-none-eabi/lib/armv6-m/crt0.o
 .ARM.attributes
                0x00000065       0x32 ./Static_Code/System/CPU_Init.o
 .ARM.attributes
                0x00000097       0x32 ./Static_Code/System/Peripherals_Init.o
 .ARM.attributes
                0x000000c9       0x32 ./Static_Code/System/Vectors.o
 .ARM.attributes
                0x000000fb       0x32 ./Static_Code/Peripherals/PIT_Init.o
 .ARM.attributes
                0x0000012d       0x32 ./Sources/Events.o
 .ARM.attributes
                0x0000015f       0x32 ./Sources/main.o
 .ARM.attributes
                0x00000191       0x32 ./Project_Settings/Startup_Code/startup.o
 .ARM.attributes
                0x000001c3       0x32 ./Generated_Code/AD1.o
 .ARM.attributes
                0x000001f5       0x32 ./Generated_Code/ASerialLdd1.o
 .ARM.attributes
                0x00000227       0x32 ./Generated_Code/BitIoLdd3.o
 .ARM.attributes
                0x00000259       0x32 ./Generated_Code/BitIoLdd4.o
 .ARM.attributes
                0x0000028b       0x32 ./Generated_Code/BitIoLdd5.o
 .ARM.attributes
                0x000002bd       0x32 ./Generated_Code/BitIoLdd6.o
 .ARM.attributes
                0x000002ef       0x32 ./Generated_Code/BitIoLdd7.o
 .ARM.attributes
                0x00000321       0x32 ./Generated_Code/COLDPWM.o
 .ARM.attributes
                0x00000353       0x32 ./Generated_Code/Clock.o
 .ARM.attributes
                0x00000385       0x32 ./Generated_Code/Cpu.o
 .ARM.attributes
                0x000003b7       0x32 ./Generated_Code/HOTPWM.o
 .ARM.attributes
                0x000003e9       0x32 ./Generated_Code/Inhr1.o
 .ARM.attributes
                0x0000041b       0x32 ./Generated_Code/LidPWM.o
 .ARM.attributes
                0x0000044d       0x32 ./Generated_Code/PE_LDD.o
 .ARM.attributes
                0x0000047f       0x32 ./Generated_Code/PwmLdd1.o
 .ARM.attributes
                0x000004b1       0x32 ./Generated_Code/PwmLdd2.o
 .ARM.attributes
                0x000004e3       0x32 ./Generated_Code/PwmLdd3.o
 .ARM.attributes
                0x00000515       0x32 ./Generated_Code/TU1.o
 .ARM.attributes
                0x00000547       0x32 ./Generated_Code/TU2.o
 .ARM.attributes
                0x00000579       0x32 ./Generated_Code/Term1.o
 .ARM.attributes
                0x000005ab       0x32 ./Generated_Code/UTIL1.o
 .ARM.attributes
                0x000005dd       0x32 C:\Freescale\FSLESL\CM0_FSLESL_4.2_KDS\PCLIB\pclib.a(PCLIB_CtrlPID_F16.o)
 .ARM.attributes
                0x0000060f       0x2c c:/freescale/kds_v3/toolchain/bin/../lib/gcc/arm-none-eabi/4.8.4/../../../../arm-none-eabi/lib/armv6-m\libm.a(lib_a-w_log.o)
 .ARM.attributes
                0x0000063b       0x2c c:/freescale/kds_v3/toolchain/bin/../lib/gcc/arm-none-eabi/4.8.4/../../../../arm-none-eabi/lib/armv6-m\libm.a(lib_a-e_log.o)
 .ARM.attributes
                0x00000667       0x2c c:/freescale/kds_v3/toolchain/bin/../lib/gcc/arm-none-eabi/4.8.4/../../../../arm-none-eabi/lib/armv6-m\libm.a(lib_a-s_fpclassify.o)
 .ARM.attributes
                0x00000693       0x2c c:/freescale/kds_v3/toolchain/bin/../lib/gcc/arm-none-eabi/4.8.4/../../../../arm-none-eabi/lib/armv6-m\libm.a(lib_a-s_lib_ver.o)
 .ARM.attributes
                0x000006bf       0x2c c:/freescale/kds_v3/toolchain/bin/../lib/gcc/arm-none-eabi/4.8.4/../../../../arm-none-eabi/lib/armv6-m\libm.a(lib_a-s_matherr.o)
 .ARM.attributes
                0x000006eb       0x2c c:/freescale/kds_v3/toolchain/bin/../lib/gcc/arm-none-eabi/4.8.4/../../../../arm-none-eabi/lib/armv6-m\libm.a(lib_a-s_nan.o)
 .ARM.attributes
                0x00000717       0x1e c:/freescale/kds_v3/toolchain/bin/../lib/gcc/arm-none-eabi/4.8.4/armv6-m\libgcc.a(_udivsi3.o)
 .ARM.attributes
                0x00000735       0x1e c:/freescale/kds_v3/toolchain/bin/../lib/gcc/arm-none-eabi/4.8.4/armv6-m\libgcc.a(_divsi3.o)
 .ARM.attributes
                0x00000753       0x1e c:/freescale/kds_v3/toolchain/bin/../lib/gcc/arm-none-eabi/4.8.4/armv6-m\libgcc.a(_dvmd_tls.o)
 .ARM.attributes
                0x00000771       0x1e c:/freescale/kds_v3/toolchain/bin/../lib/gcc/arm-none-eabi/4.8.4/armv6-m\libgcc.a(_arm_cmpdf2.o)
 .ARM.attributes
                0x0000078f       0x1e c:/freescale/kds_v3/toolchain/bin/../lib/gcc/arm-none-eabi/4.8.4/armv6-m\libgcc.a(_arm_cmpsf2.o)
 .ARM.attributes
                0x000007ad       0x2c c:/freescale/kds_v3/toolchain/bin/../lib/gcc/arm-none-eabi/4.8.4/armv6-m\libgcc.a(_fixunssfsi.o)
 .ARM.attributes
                0x000007d9       0x2c c:/freescale/kds_v3/toolchain/bin/../lib/gcc/arm-none-eabi/4.8.4/armv6-m\libgcc.a(addsf3.o)
 .ARM.attributes
                0x00000805       0x2c c:/freescale/kds_v3/toolchain/bin/../lib/gcc/arm-none-eabi/4.8.4/armv6-m\libgcc.a(divsf3.o)
 .ARM.attributes
                0x00000831       0x2c c:/freescale/kds_v3/toolchain/bin/../lib/gcc/arm-none-eabi/4.8.4/armv6-m\libgcc.a(eqsf2.o)
 .ARM.attributes
                0x0000085d       0x2c c:/freescale/kds_v3/toolchain/bin/../lib/gcc/arm-none-eabi/4.8.4/armv6-m\libgcc.a(gesf2.o)
 .ARM.attributes
                0x00000889       0x2c c:/freescale/kds_v3/toolchain/bin/../lib/gcc/arm-none-eabi/4.8.4/armv6-m\libgcc.a(lesf2.o)
 .ARM.attributes
                0x000008b5       0x2c c:/freescale/kds_v3/toolchain/bin/../lib/gcc/arm-none-eabi/4.8.4/armv6-m\libgcc.a(mulsf3.o)
 .ARM.attributes
                0x000008e1       0x2c c:/freescale/kds_v3/toolchain/bin/../lib/gcc/arm-none-eabi/4.8.4/armv6-m\libgcc.a(subsf3.o)
 .ARM.attributes
                0x0000090d       0x2c c:/freescale/kds_v3/toolchain/bin/../lib/gcc/arm-none-eabi/4.8.4/armv6-m\libgcc.a(fixsfsi.o)
 .ARM.attributes
                0x00000939       0x2c c:/freescale/kds_v3/toolchain/bin/../lib/gcc/arm-none-eabi/4.8.4/armv6-m\libgcc.a(floatsisf.o)
 .ARM.attributes
                0x00000965       0x2c c:/freescale/kds_v3/toolchain/bin/../lib/gcc/arm-none-eabi/4.8.4/armv6-m\libgcc.a(floatunsisf.o)
 .ARM.attributes
                0x00000991       0x2c c:/freescale/kds_v3/toolchain/bin/../lib/gcc/arm-none-eabi/4.8.4/armv6-m\libgcc.a(adddf3.o)
 .ARM.attributes
                0x000009bd       0x2c c:/freescale/kds_v3/toolchain/bin/../lib/gcc/arm-none-eabi/4.8.4/armv6-m\libgcc.a(divdf3.o)
 .ARM.attributes
                0x000009e9       0x2c c:/freescale/kds_v3/toolchain/bin/../lib/gcc/arm-none-eabi/4.8.4/armv6-m\libgcc.a(eqdf2.o)
 .ARM.attributes
                0x00000a15       0x2c c:/freescale/kds_v3/toolchain/bin/../lib/gcc/arm-none-eabi/4.8.4/armv6-m\libgcc.a(gedf2.o)
 .ARM.attributes
                0x00000a41       0x2c c:/freescale/kds_v3/toolchain/bin/../lib/gcc/arm-none-eabi/4.8.4/armv6-m\libgcc.a(ledf2.o)
 .ARM.attributes
                0x00000a6d       0x2c c:/freescale/kds_v3/toolchain/bin/../lib/gcc/arm-none-eabi/4.8.4/armv6-m\libgcc.a(muldf3.o)
 .ARM.attributes
                0x00000a99       0x2c c:/freescale/kds_v3/toolchain/bin/../lib/gcc/arm-none-eabi/4.8.4/armv6-m\libgcc.a(subdf3.o)
 .ARM.attributes
                0x00000ac5       0x2c c:/freescale/kds_v3/toolchain/bin/../lib/gcc/arm-none-eabi/4.8.4/armv6-m\libgcc.a(floatsidf.o)
 .ARM.attributes
                0x00000af1       0x2c c:/freescale/kds_v3/toolchain/bin/../lib/gcc/arm-none-eabi/4.8.4/armv6-m\libgcc.a(extendsfdf2.o)
 .ARM.attributes
                0x00000b1d       0x2c c:/freescale/kds_v3/toolchain/bin/../lib/gcc/arm-none-eabi/4.8.4/armv6-m\libgcc.a(truncdfsf2.o)
 .ARM.attributes
                0x00000b49       0x1e c:/freescale/kds_v3/toolchain/bin/../lib/gcc/arm-none-eabi/4.8.4/armv6-m\libgcc.a(_clzsi2.o)
 .ARM.attributes
                0x00000b67       0x2c c:/freescale/kds_v3/toolchain/bin/../lib/gcc/arm-none-eabi/4.8.4/../../../../arm-none-eabi/lib/armv6-m\libg_s.a(lib_a-errno.o)
 .ARM.attributes
                0x00000b93       0x2c c:/freescale/kds_v3/toolchain/bin/../lib/gcc/arm-none-eabi/4.8.4/../../../../arm-none-eabi/lib/armv6-m\libg_s.a(lib_a-exit.o)
 .ARM.attributes
                0x00000bbf       0x2c c:/freescale/kds_v3/toolchain/bin/../lib/gcc/arm-none-eabi/4.8.4/../../../../arm-none-eabi/lib/armv6-m\libg_s.a(lib_a-impure.o)
 .ARM.attributes
                0x00000beb       0x2c c:/freescale/kds_v3/toolchain/bin/../lib/gcc/arm-none-eabi/4.8.4/../../../../arm-none-eabi/lib/armv6-m\libg_s.a(lib_a-init.o)
 .ARM.attributes
                0x00000c17       0x2c c:/freescale/kds_v3/toolchain/bin/../lib/gcc/arm-none-eabi/4.8.4/../../../../arm-none-eabi/lib/armv6-m\libg_s.a(lib_a-memcpy-stub.o)
 .ARM.attributes
                0x00000c43       0x2c c:/freescale/kds_v3/toolchain/bin/../lib/gcc/arm-none-eabi/4.8.4/../../../../arm-none-eabi/lib/armv6-m\libg_s.a(lib_a-memset.o)
 .ARM.attributes
                0x00000c6f       0x2c c:/freescale/kds_v3/toolchain/bin/../lib/gcc/arm-none-eabi/4.8.4/../../../../arm-none-eabi/lib/armv6-m\libg_s.a(lib_a-strlen.o)
 .ARM.attributes
                0x00000c9b       0x2c c:/freescale/kds_v3/toolchain/bin/../lib/gcc/arm-none-eabi/4.8.4/../../../../arm-none-eabi/lib/armv6-m\libg_s.a(lib_a-strncmp.o)
 .ARM.attributes
                0x00000cc7       0x2c c:/freescale/kds_v3/toolchain/bin/../lib/gcc/arm-none-eabi/4.8.4/../../../../arm-none-eabi/lib/armv6-m\libg_s.a(lib_a-strtod.o)
 .ARM.attributes
                0x00000cf3       0x2c c:/freescale/kds_v3/toolchain/bin/../lib/gcc/arm-none-eabi/4.8.4/../../../../arm-none-eabi/lib/armv6-m\libg_s.a(lib_a-vfprintf_float.o)
 .ARM.attributes
                0x00000d1f       0x2c c:/freescale/kds_v3/toolchain/bin/../lib/gcc/arm-none-eabi/4.8.4/../../../../arm-none-eabi/lib/armv6-m\libg_s.a(lib_a-vfprintf_i.o)
 .ARM.attributes
                0x00000d4b       0x2c c:/freescale/kds_v3/toolchain/bin/../lib/gcc/arm-none-eabi/4.8.4/../../../../arm-none-eabi/lib/armv6-m\libg_s.a(lib_a-dtoa.o)
 .ARM.attributes
                0x00000d77       0x2c c:/freescale/kds_v3/toolchain/bin/../lib/gcc/arm-none-eabi/4.8.4/../../../../arm-none-eabi/lib/armv6-m\libg_s.a(lib_a-gdtoa-gethex.o)
 .ARM.attributes
                0x00000da3       0x2c c:/freescale/kds_v3/toolchain/bin/../lib/gcc/arm-none-eabi/4.8.4/../../../../arm-none-eabi/lib/armv6-m\libg_s.a(lib_a-gdtoa-hexnan.o)
 .ARM.attributes
                0x00000dcf       0x2c c:/freescale/kds_v3/toolchain/bin/../lib/gcc/arm-none-eabi/4.8.4/../../../../arm-none-eabi/lib/armv6-m\libg_s.a(lib_a-locale.o)
 .ARM.attributes
                0x00000dfb       0x2c c:/freescale/kds_v3/toolchain/bin/../lib/gcc/arm-none-eabi/4.8.4/../../../../arm-none-eabi/lib/armv6-m\libg_s.a(lib_a-malloc.o)
 .ARM.attributes
                0x00000e27       0x2c c:/freescale/kds_v3/toolchain/bin/../lib/gcc/arm-none-eabi/4.8.4/../../../../arm-none-eabi/lib/armv6-m\libg_s.a(lib_a-mprec.o)
 .ARM.attributes
                0x00000e53       0x2c c:/freescale/kds_v3/toolchain/bin/../lib/gcc/arm-none-eabi/4.8.4/../../../../arm-none-eabi/lib/armv6-m\libg_s.a(lib_a-nano-callocr.o)
 .ARM.attributes
                0x00000e7f       0x2c c:/freescale/kds_v3/toolchain/bin/../lib/gcc/arm-none-eabi/4.8.4/../../../../arm-none-eabi/lib/armv6-m\libg_s.a(lib_a-nano-mallocr.o)
 .ARM.attributes
                0x00000eab       0x2c c:/freescale/kds_v3/toolchain/bin/../lib/gcc/arm-none-eabi/4.8.4/../../../../arm-none-eabi/lib/armv6-m\libg_s.a(lib_a-sbrkr.o)
 .ARM.attributes
                0x00000ed7       0x2c c:/freescale/kds_v3/toolchain/bin/../lib/gcc/arm-none-eabi/4.8.4/../../../../arm-none-eabi/lib/armv6-m\libg_s.a(lib_a-sf_nan.o)
 .ARM.attributes
                0x00000f03       0x2c c:/freescale/kds_v3/toolchain/bin/../lib/gcc/arm-none-eabi/4.8.4/../../../../arm-none-eabi/lib/armv6-m\libg_s.a(lib_a-reent.o)
 .ARM.attributes
                0x00000f2f       0x1e c:/freescale/kds_v3/toolchain/bin/../lib/gcc/arm-none-eabi/4.8.4/armv6-m\libgcc.a(_thumb1_case_uqi.o)
 .ARM.attributes
                0x00000f4d       0x2c c:/freescale/kds_v3/toolchain/bin/../lib/gcc/arm-none-eabi/4.8.4/armv6-m\libgcc.a(_fixunsdfsi.o)
 .ARM.attributes
                0x00000f79       0x2c c:/freescale/kds_v3/toolchain/bin/../lib/gcc/arm-none-eabi/4.8.4/armv6-m\libgcc.a(fixdfsi.o)
 .ARM.attributes
                0x00000fa5       0x2c c:/freescale/kds_v3/toolchain/bin/../lib/gcc/arm-none-eabi/4.8.4/armv6-m\libgcc.a(floatunsidf.o)
 .ARM.attributes
                0x00000fd1       0x2c c:/freescale/kds_v3/toolchain/bin/../lib/gcc/arm-none-eabi/4.8.4/../../../../arm-none-eabi/lib/armv6-m\libnosys.a(sbrk.o)
 .ARM.attributes
                0x00000ffd       0x2c c:/freescale/kds_v3/toolchain/bin/../lib/gcc/arm-none-eabi/4.8.4/../../../../arm-none-eabi/lib/armv6-m\libnosys.a(_exit.o)
 .ARM.attributes
                0x00001029       0x1e c:/freescale/kds_v3/toolchain/bin/../lib/gcc/arm-none-eabi/4.8.4/armv6-m/crtn.o
OUTPUT(PCR.elf elf32-littlearm)

.debug_info     0x00000000     0x8326
 .debug_info    0x00000000      0x762 ./Static_Code/System/CPU_Init.o
 .debug_info    0x00000762       0x96 ./Static_Code/System/Peripherals_Init.o
 .debug_info    0x000007f8      0x459 ./Static_Code/System/Vectors.o
 .debug_info    0x00000c51      0x16e ./Static_Code/Peripherals/PIT_Init.o
 .debug_info    0x00000dbf      0x21b ./Sources/Events.o
 .debug_info    0x00000fda      0x9c5 ./Sources/main.o
 .debug_info    0x0000199f      0x20a ./Project_Settings/Startup_Code/startup.o
 .debug_info    0x00001ba9      0x5f4 ./Generated_Code/AD1.o
 .debug_info    0x0000219d      0x6a7 ./Generated_Code/ASerialLdd1.o
 .debug_info    0x00002844      0x27e ./Generated_Code/BitIoLdd3.o
 .debug_info    0x00002ac2      0x27e ./Generated_Code/BitIoLdd4.o
 .debug_info    0x00002d40      0x27e ./Generated_Code/BitIoLdd5.o
 .debug_info    0x00002fbe      0x27e ./Generated_Code/BitIoLdd6.o
 .debug_info    0x0000323c      0x27e ./Generated_Code/BitIoLdd7.o
 .debug_info    0x000034ba       0xb2 ./Generated_Code/COLDPWM.o
 .debug_info    0x0000356c      0x380 ./Generated_Code/Clock.o
 .debug_info    0x000038ec      0x312 ./Generated_Code/Cpu.o
 .debug_info    0x00003bfe       0xb2 ./Generated_Code/HOTPWM.o
 .debug_info    0x00003cb0      0x4a1 ./Generated_Code/Inhr1.o
 .debug_info    0x00004151       0xb2 ./Generated_Code/LidPWM.o
 .debug_info    0x00004203      0x251 ./Generated_Code/PE_LDD.o
 .debug_info    0x00004454      0x58a ./Generated_Code/PwmLdd1.o
 .debug_info    0x000049de      0x57e ./Generated_Code/PwmLdd2.o
 .debug_info    0x00004f5c      0x4ea ./Generated_Code/PwmLdd3.o
 .debug_info    0x00005446      0x800 ./Generated_Code/TU1.o
 .debug_info    0x00005c46      0x6cf ./Generated_Code/TU2.o
 .debug_info    0x00006315      0x3f1 ./Generated_Code/Term1.o
 .debug_info    0x00006706     0x1943 ./Generated_Code/UTIL1.o
 .debug_info    0x00008049      0x2dd C:\Freescale\FSLESL\CM0_FSLESL_4.2_KDS\PCLIB\pclib.a(PCLIB_CtrlPID_F16.o)

.debug_abbrev   0x00000000     0x2422
 .debug_abbrev  0x00000000      0x1ed ./Static_Code/System/CPU_Init.o
 .debug_abbrev  0x000001ed       0x45 ./Static_Code/System/Peripherals_Init.o
 .debug_abbrev  0x00000232       0xd8 ./Static_Code/System/Vectors.o
 .debug_abbrev  0x0000030a       0xca ./Static_Code/Peripherals/PIT_Init.o
 .debug_abbrev  0x000003d4       0xff ./Sources/Events.o
 .debug_abbrev  0x000004d3      0x22b ./Sources/main.o
 .debug_abbrev  0x000006fe      0x11e ./Project_Settings/Startup_Code/startup.o
 .debug_abbrev  0x0000081c      0x19e ./Generated_Code/AD1.o
 .debug_abbrev  0x000009ba      0x1b8 ./Generated_Code/ASerialLdd1.o
 .debug_abbrev  0x00000b72      0x11e ./Generated_Code/BitIoLdd3.o
 .debug_abbrev  0x00000c90      0x11e ./Generated_Code/BitIoLdd4.o
 .debug_abbrev  0x00000dae      0x11e ./Generated_Code/BitIoLdd5.o
 .debug_abbrev  0x00000ecc      0x11e ./Generated_Code/BitIoLdd6.o
 .debug_abbrev  0x00000fea      0x11e ./Generated_Code/BitIoLdd7.o
 .debug_abbrev  0x00001108       0x68 ./Generated_Code/COLDPWM.o
 .debug_abbrev  0x00001170      0x134 ./Generated_Code/Clock.o
 .debug_abbrev  0x000012a4      0x12e ./Generated_Code/Cpu.o
 .debug_abbrev  0x000013d2       0x68 ./Generated_Code/HOTPWM.o
 .debug_abbrev  0x0000143a      0x1a9 ./Generated_Code/Inhr1.o
 .debug_abbrev  0x000015e3       0x68 ./Generated_Code/LidPWM.o
 .debug_abbrev  0x0000164b      0x10d ./Generated_Code/PE_LDD.o
 .debug_abbrev  0x00001758      0x1ab ./Generated_Code/PwmLdd1.o
 .debug_abbrev  0x00001903      0x19c ./Generated_Code/PwmLdd2.o
 .debug_abbrev  0x00001a9f      0x186 ./Generated_Code/PwmLdd3.o
 .debug_abbrev  0x00001c25      0x1d9 ./Generated_Code/TU1.o
 .debug_abbrev  0x00001dfe      0x1b4 ./Generated_Code/TU2.o
 .debug_abbrev  0x00001fb2      0x182 ./Generated_Code/Term1.o
 .debug_abbrev  0x00002134      0x1b6 ./Generated_Code/UTIL1.o
 .debug_abbrev  0x000022ea      0x138 C:\Freescale\FSLESL\CM0_FSLESL_4.2_KDS\PCLIB\pclib.a(PCLIB_CtrlPID_F16.o)

.debug_aranges  0x00000000      0xb50
 .debug_aranges
                0x00000000       0x40 ./Static_Code/System/CPU_Init.o
 .debug_aranges
                0x00000040       0x20 ./Static_Code/System/Peripherals_Init.o
 .debug_aranges
                0x00000060      0x190 ./Static_Code/System/Vectors.o
 .debug_aranges
                0x000001f0       0x20 ./Static_Code/Peripherals/PIT_Init.o
 .debug_aranges
                0x00000210       0x58 ./Sources/Events.o
 .debug_aranges
                0x00000268       0x90 ./Sources/main.o
 .debug_aranges
                0x000002f8       0x50 ./Project_Settings/Startup_Code/startup.o
 .debug_aranges
                0x00000348       0x50 ./Generated_Code/AD1.o
 .debug_aranges
                0x00000398       0x60 ./Generated_Code/ASerialLdd1.o
 .debug_aranges
                0x000003f8       0x40 ./Generated_Code/BitIoLdd3.o
 .debug_aranges
                0x00000438       0x40 ./Generated_Code/BitIoLdd4.o
 .debug_aranges
                0x00000478       0x40 ./Generated_Code/BitIoLdd5.o
 .debug_aranges
                0x000004b8       0x40 ./Generated_Code/BitIoLdd6.o
 .debug_aranges
                0x000004f8       0x40 ./Generated_Code/BitIoLdd7.o
 .debug_aranges
                0x00000538       0x20 ./Generated_Code/COLDPWM.o
 .debug_aranges
                0x00000558       0x40 ./Generated_Code/Clock.o
 .debug_aranges
                0x00000598       0x38 ./Generated_Code/Cpu.o
 .debug_aranges
                0x000005d0       0x20 ./Generated_Code/HOTPWM.o
 .debug_aranges
                0x000005f0       0x88 ./Generated_Code/Inhr1.o
 .debug_aranges
                0x00000678       0x20 ./Generated_Code/LidPWM.o
 .debug_aranges
                0x00000698       0x30 ./Generated_Code/PE_LDD.o
 .debug_aranges
                0x000006c8       0x60 ./Generated_Code/PwmLdd1.o
 .debug_aranges
                0x00000728       0x60 ./Generated_Code/PwmLdd2.o
 .debug_aranges
                0x00000788       0x50 ./Generated_Code/PwmLdd3.o
 .debug_aranges
                0x000007d8       0x70 ./Generated_Code/TU1.o
 .debug_aranges
                0x00000848       0x50 ./Generated_Code/TU2.o
 .debug_aranges
                0x00000898       0x70 ./Generated_Code/Term1.o
 .debug_aranges
                0x00000908      0x220 ./Generated_Code/UTIL1.o
 .debug_aranges
                0x00000b28       0x28 C:\Freescale\FSLESL\CM0_FSLESL_4.2_KDS\PCLIB\pclib.a(PCLIB_CtrlPID_F16.o)

.debug_ranges   0x00000000      0x9d8
 .debug_ranges  0x00000000       0x30 ./Static_Code/System/CPU_Init.o
 .debug_ranges  0x00000030       0x10 ./Static_Code/System/Peripherals_Init.o
 .debug_ranges  0x00000040      0x180 ./Static_Code/System/Vectors.o
 .debug_ranges  0x000001c0       0x10 ./Static_Code/Peripherals/PIT_Init.o
 .debug_ranges  0x000001d0       0x48 ./Sources/Events.o
 .debug_ranges  0x00000218       0x80 ./Sources/main.o
 .debug_ranges  0x00000298       0x40 ./Project_Settings/Startup_Code/startup.o
 .debug_ranges  0x000002d8       0x40 ./Generated_Code/AD1.o
 .debug_ranges  0x00000318       0x50 ./Generated_Code/ASerialLdd1.o
 .debug_ranges  0x00000368       0x30 ./Generated_Code/BitIoLdd3.o
 .debug_ranges  0x00000398       0x30 ./Generated_Code/BitIoLdd4.o
 .debug_ranges  0x000003c8       0x30 ./Generated_Code/BitIoLdd5.o
 .debug_ranges  0x000003f8       0x30 ./Generated_Code/BitIoLdd6.o
 .debug_ranges  0x00000428       0x30 ./Generated_Code/BitIoLdd7.o
 .debug_ranges  0x00000458       0x10 ./Generated_Code/COLDPWM.o
 .debug_ranges  0x00000468       0x30 ./Generated_Code/Clock.o
 .debug_ranges  0x00000498       0x28 ./Generated_Code/Cpu.o
 .debug_ranges  0x000004c0       0x10 ./Generated_Code/HOTPWM.o
 .debug_ranges  0x000004d0       0x78 ./Generated_Code/Inhr1.o
 .debug_ranges  0x00000548       0x10 ./Generated_Code/LidPWM.o
 .debug_ranges  0x00000558       0x20 ./Generated_Code/PE_LDD.o
 .debug_ranges  0x00000578       0x50 ./Generated_Code/PwmLdd1.o
 .debug_ranges  0x000005c8       0x50 ./Generated_Code/PwmLdd2.o
 .debug_ranges  0x00000618       0x40 ./Generated_Code/PwmLdd3.o
 .debug_ranges  0x00000658       0x60 ./Generated_Code/TU1.o
 .debug_ranges  0x000006b8       0x40 ./Generated_Code/TU2.o
 .debug_ranges  0x000006f8       0x60 ./Generated_Code/Term1.o
 .debug_ranges  0x00000758      0x210 ./Generated_Code/UTIL1.o
 .debug_ranges  0x00000968       0x70 C:\Freescale\FSLESL\CM0_FSLESL_4.2_KDS\PCLIB\pclib.a(PCLIB_CtrlPID_F16.o)

.debug_macro    0x00000000    0x1bac9
 .debug_macro   0x00000000      0x372 ./Static_Code/System/CPU_Init.o
 .debug_macro   0x00000372      0x802 ./Static_Code/System/CPU_Init.o
 .debug_macro   0x00000b74       0x16 ./Static_Code/System/CPU_Init.o
 .debug_macro   0x00000b8a       0x44 ./Static_Code/System/CPU_Init.o
 .debug_macro   0x00000bce      0x209 ./Static_Code/System/CPU_Init.o
 .debug_macro   0x00000dd7     0x15df ./Static_Code/System/CPU_Init.o
 .debug_macro   0x000023b6     0x539e ./Static_Code/System/CPU_Init.o
 .debug_macro   0x00007754      0x2e5 ./Static_Code/System/CPU_Init.o
 .debug_macro   0x00007a39       0x4c ./Static_Code/System/CPU_Init.o
 .debug_macro   0x00007a85       0x10 ./Static_Code/System/CPU_Init.o
 .debug_macro   0x00007a95      0x14e ./Static_Code/System/CPU_Init.o
 .debug_macro   0x00007be3       0x5e ./Static_Code/System/CPU_Init.o
 .debug_macro   0x00007c41       0x94 ./Static_Code/System/CPU_Init.o
 .debug_macro   0x00007cd5      0x6a0 ./Static_Code/System/CPU_Init.o
 .debug_macro   0x00008375       0x58 ./Static_Code/System/CPU_Init.o
 .debug_macro   0x000083cd       0x35 ./Static_Code/System/CPU_Init.o
 .debug_macro   0x00008402       0xa3 ./Static_Code/System/CPU_Init.o
 .debug_macro   0x000084a5       0x16 ./Static_Code/System/CPU_Init.o
 .debug_macro   0x000084bb       0x10 ./Static_Code/System/CPU_Init.o
 .debug_macro   0x000084cb       0xa5 ./Static_Code/System/CPU_Init.o
 .debug_macro   0x00008570       0x55 ./Static_Code/System/CPU_Init.o
 .debug_macro   0x000085c5       0x41 ./Static_Code/System/CPU_Init.o
 .debug_macro   0x00008606       0x73 ./Static_Code/System/CPU_Init.o
 .debug_macro   0x00008679       0x20 ./Static_Code/System/CPU_Init.o
 .debug_macro   0x00008699      0x5cf ./Static_Code/System/CPU_Init.o
 .debug_macro   0x00008c68       0x82 ./Static_Code/System/CPU_Init.o
 .debug_macro   0x00008cea       0x4c ./Static_Code/System/CPU_Init.o
 .debug_macro   0x00008d36       0x33 ./Static_Code/System/CPU_Init.o
 .debug_macro   0x00008d69      0x132 ./Static_Code/System/CPU_Init.o
 .debug_macro   0x00008e9b       0x40 ./Static_Code/System/CPU_Init.o
 .debug_macro   0x00008edb       0x1f ./Static_Code/System/CPU_Init.o
 .debug_macro   0x00008efa       0x46 ./Static_Code/System/CPU_Init.o
 .debug_macro   0x00008f40       0x1f ./Static_Code/System/CPU_Init.o
 .debug_macro   0x00008f5f       0x5b ./Static_Code/System/CPU_Init.o
 .debug_macro   0x00008fba       0x41 ./Static_Code/System/CPU_Init.o
 .debug_macro   0x00008ffb       0x5e ./Static_Code/System/CPU_Init.o
 .debug_macro   0x00009059      0x166 ./Static_Code/System/CPU_Init.o
 .debug_macro   0x000091bf       0x52 ./Static_Code/System/CPU_Init.o
 .debug_macro   0x00009211       0x16 ./Static_Code/System/CPU_Init.o
 .debug_macro   0x00009227       0x43 ./Static_Code/System/CPU_Init.o
 .debug_macro   0x0000926a      0x180 ./Static_Code/System/CPU_Init.o
 .debug_macro   0x000093ea      0x2a6 ./Static_Code/System/CPU_Init.o
 .debug_macro   0x00009690       0x10 ./Static_Code/System/CPU_Init.o
 .debug_macro   0x000096a0       0x35 ./Static_Code/System/CPU_Init.o
 .debug_macro   0x000096d5       0x19 ./Static_Code/System/CPU_Init.o
 .debug_macro   0x000096ee       0x81 ./Static_Code/System/CPU_Init.o
 .debug_macro   0x0000976f       0x22 ./Static_Code/System/CPU_Init.o
 .debug_macro   0x00009791       0x46 ./Static_Code/System/CPU_Init.o
 .debug_macro   0x000097d7       0x1f ./Static_Code/System/CPU_Init.o
 .debug_macro   0x000097f6       0x46 ./Static_Code/System/CPU_Init.o
 .debug_macro   0x0000983c       0x1f ./Static_Code/System/CPU_Init.o
 .debug_macro   0x0000985b       0x46 ./Static_Code/System/CPU_Init.o
 .debug_macro   0x000098a1       0x1f ./Static_Code/System/CPU_Init.o
 .debug_macro   0x000098c0       0xa5 ./Static_Code/System/Peripherals_Init.o
 .debug_macro   0x00009965      0x3a2 ./Static_Code/System/Vectors.o
 .debug_macro   0x00009d07       0x40 ./Static_Code/System/Vectors.o
 .debug_macro   0x00009d47       0x46 ./Static_Code/System/Vectors.o
 .debug_macro   0x00009d8d      0x131 ./Static_Code/System/Vectors.o
 .debug_macro   0x00009ebe       0xa7 ./Static_Code/Peripherals/PIT_Init.o
 .debug_macro   0x00009f65       0x10 ./Static_Code/Peripherals/PIT_Init.o
 .debug_macro   0x00009f75     0x5392 ./Static_Code/Peripherals/PIT_Init.o
 .debug_macro   0x0000f307     0x15e5 ./Static_Code/Peripherals/PIT_Init.o
 .debug_macro   0x000108ec      0x421 ./Sources/Events.o
 .debug_macro   0x00010d0d      0x2d3 ./Sources/Events.o
 .debug_macro   0x00010fe0      0x109 ./Sources/Events.o
 .debug_macro   0x000110e9      0x223 ./Sources/Events.o
 .debug_macro   0x0001130c      0x299 ./Sources/Events.o
 .debug_macro   0x000115a5       0x65 ./Sources/Events.o
 .debug_macro   0x0001160a      0x20f ./Sources/Events.o
 .debug_macro   0x00011819      0x13f ./Sources/Events.o
 .debug_macro   0x00011958      0x63a ./Sources/Events.o
 .debug_macro   0x00011f92     0x266f ./Sources/Events.o
 .debug_macro   0x00014601       0xbb ./Sources/Events.o
 .debug_macro   0x000146bc       0xe9 ./Sources/Events.o
 .debug_macro   0x000147a5      0x4ea ./Sources/Events.o
 .debug_macro   0x00014c8f      0x13a ./Sources/Events.o
 .debug_macro   0x00014dc9       0xb8 ./Sources/Events.o
 .debug_macro   0x00014e81      0x179 ./Sources/Events.o
 .debug_macro   0x00014ffa      0x987 ./Sources/Events.o
 .debug_macro   0x00015981      0x648 ./Sources/Events.o
 .debug_macro   0x00015fc9       0x86 ./Sources/Events.o
 .debug_macro   0x0001604f      0x7b8 ./Sources/Events.o
 .debug_macro   0x00016807      0x162 ./Sources/Events.o
 .debug_macro   0x00016969      0x98b ./Sources/main.o
 .debug_macro   0x000172f4       0xde ./Sources/main.o
 .debug_macro   0x000173d2       0x1c ./Sources/main.o
 .debug_macro   0x000173ee       0x10 ./Sources/main.o
 .debug_macro   0x000173fe       0x10 ./Sources/main.o
 .debug_macro   0x0001740e       0x22 ./Sources/main.o
 .debug_macro   0x00017430       0xbd ./Sources/main.o
 .debug_macro   0x000174ed       0x16 ./Sources/main.o
 .debug_macro   0x00017503      0x14a ./Sources/main.o
 .debug_macro   0x0001764d       0x16 ./Sources/main.o
 .debug_macro   0x00017663       0x22 ./Sources/main.o
 .debug_macro   0x00017685       0x1c ./Sources/main.o
 .debug_macro   0x000176a1       0x41 ./Sources/main.o
 .debug_macro   0x000176e2       0x16 ./Sources/main.o
 .debug_macro   0x000176f8       0x10 ./Sources/main.o
 .debug_macro   0x00017708       0x16 ./Sources/main.o
 .debug_macro   0x0001771e       0x10 ./Sources/main.o
 .debug_macro   0x0001772e       0x10 ./Sources/main.o
 .debug_macro   0x0001773e       0x10 ./Sources/main.o
 .debug_macro   0x0001774e       0x10 ./Sources/main.o
 .debug_macro   0x0001775e       0x10 ./Sources/main.o
 .debug_macro   0x0001776e       0x16 ./Sources/main.o
 .debug_macro   0x00017784       0x10 ./Sources/main.o
 .debug_macro   0x00017794       0x16 ./Sources/main.o
 .debug_macro   0x000177aa       0x10 ./Sources/main.o
 .debug_macro   0x000177ba       0x16 ./Sources/main.o
 .debug_macro   0x000177d0       0x28 ./Sources/main.o
 .debug_macro   0x000177f8       0x10 ./Sources/main.o
 .debug_macro   0x00017808       0x16 ./Sources/main.o
 .debug_macro   0x0001781e       0x28 ./Sources/main.o
 .debug_macro   0x00017846       0x10 ./Sources/main.o
 .debug_macro   0x00017856       0x16 ./Sources/main.o
 .debug_macro   0x0001786c       0x10 ./Sources/main.o
 .debug_macro   0x0001787c       0x10 ./Sources/main.o
 .debug_macro   0x0001788c       0x10 ./Sources/main.o
 .debug_macro   0x0001789c       0x16 ./Sources/main.o
 .debug_macro   0x000178b2       0x1c ./Sources/main.o
 .debug_macro   0x000178ce       0x16 ./Sources/main.o
 .debug_macro   0x000178e4       0x3a ./Sources/main.o
 .debug_macro   0x0001791e       0x28 ./Sources/main.o
 .debug_macro   0x00017946       0x16 ./Sources/main.o
 .debug_macro   0x0001795c       0x10 ./Sources/main.o
 .debug_macro   0x0001796c       0x40 ./Sources/main.o
 .debug_macro   0x000179ac       0x16 ./Sources/main.o
 .debug_macro   0x000179c2       0x10 ./Sources/main.o
 .debug_macro   0x000179d2       0x34 ./Sources/main.o
 .debug_macro   0x00017a06       0x1c ./Sources/main.o
 .debug_macro   0x00017a22       0x16 ./Sources/main.o
 .debug_macro   0x00017a38       0x3a ./Sources/main.o
 .debug_macro   0x00017a72       0x10 ./Sources/main.o
 .debug_macro   0x00017a82       0x16 ./Sources/main.o
 .debug_macro   0x00017a98       0x10 ./Sources/main.o
 .debug_macro   0x00017aa8       0x16 ./Sources/main.o
 .debug_macro   0x00017abe       0x16 ./Sources/main.o
 .debug_macro   0x00017ad4       0x10 ./Sources/main.o
 .debug_macro   0x00017ae4       0x10 ./Sources/main.o
 .debug_macro   0x00017af4       0x10 ./Sources/main.o
 .debug_macro   0x00017b04       0x16 ./Sources/main.o
 .debug_macro   0x00017b1a       0x1c ./Sources/main.o
 .debug_macro   0x00017b36       0x10 ./Sources/main.o
 .debug_macro   0x00017b46       0x1c ./Sources/main.o
 .debug_macro   0x00017b62       0x10 ./Sources/main.o
 .debug_macro   0x00017b72       0x10 ./Sources/main.o
 .debug_macro   0x00017b82       0x2e ./Sources/main.o
 .debug_macro   0x00017bb0       0x1c ./Sources/main.o
 .debug_macro   0x00017bcc       0x10 ./Sources/main.o
 .debug_macro   0x00017bdc       0x10 ./Sources/main.o
 .debug_macro   0x00017bec       0x10 ./Sources/main.o
 .debug_macro   0x00017bfc       0x16 ./Sources/main.o
 .debug_macro   0x00017c12       0x16 ./Sources/main.o
 .debug_macro   0x00017c28       0x10 ./Sources/main.o
 .debug_macro   0x00017c38       0x10 ./Sources/main.o
 .debug_macro   0x00017c48       0x10 ./Sources/main.o
 .debug_macro   0x00017c58       0x10 ./Sources/main.o
 .debug_macro   0x00017c68       0x1c ./Sources/main.o
 .debug_macro   0x00017c84       0x10 ./Sources/main.o
 .debug_macro   0x00017c94       0x16 ./Sources/main.o
 .debug_macro   0x00017caa       0x10 ./Sources/main.o
 .debug_macro   0x00017cba       0x10 ./Sources/main.o
 .debug_macro   0x00017cca       0x1c ./Sources/main.o
 .debug_macro   0x00017ce6       0x16 ./Sources/main.o
 .debug_macro   0x00017cfc       0x2e ./Sources/main.o
 .debug_macro   0x00017d2a       0x10 ./Sources/main.o
 .debug_macro   0x00017d3a       0x1c ./Sources/main.o
 .debug_macro   0x00017d56       0x16 ./Sources/main.o
 .debug_macro   0x00017d6c       0x2e ./Sources/main.o
 .debug_macro   0x00017d9a       0x10 ./Sources/main.o
 .debug_macro   0x00017daa       0x10 ./Sources/main.o
 .debug_macro   0x00017dba       0x10 ./Sources/main.o
 .debug_macro   0x00017dca       0x10 ./Sources/main.o
 .debug_macro   0x00017dda       0x10 ./Sources/main.o
 .debug_macro   0x00017dea       0x16 ./Sources/main.o
 .debug_macro   0x00017e00       0x16 ./Sources/main.o
 .debug_macro   0x00017e16       0x16 ./Sources/main.o
 .debug_macro   0x00017e2c       0x16 ./Sources/main.o
 .debug_macro   0x00017e42       0x10 ./Sources/main.o
 .debug_macro   0x00017e52       0x10 ./Sources/main.o
 .debug_macro   0x00017e62       0x10 ./Sources/main.o
 .debug_macro   0x00017e72       0x10 ./Sources/main.o